Archive member included because of file (symbol)

/cygdrive/c/altera/12.0/nios2eds/bin/nios2-gnutools/H-i686-pc-cygwin/bin/../lib/gcc/nios2-elf/3.4.6/mno-hw-mul/libgcc.a(lib2-divmod.o)
                              obj/default/tasks.o (__modsi3)
/cygdrive/c/altera/12.0/nios2eds/bin/nios2-gnutools/H-i686-pc-cygwin/bin/../lib/gcc/nios2-elf/3.4.6/mno-hw-mul/libgcc.a(lib2-mul.o)
                              obj/default/PB_button.o (__mulsi3)
/cygdrive/c/altera/12.0/nios2eds/bin/nios2-gnutools/H-i686-pc-cygwin/bin/../lib/gcc/nios2-elf/3.4.6/../../../../nios2-elf/lib/mno-hw-mul/libc.a(fprintf.o)
                              obj/default/alt_ucosii_simple_error_check.o (fprintf)
/cygdrive/c/altera/12.0/nios2eds/bin/nios2-gnutools/H-i686-pc-cygwin/bin/../lib/gcc/nios2-elf/3.4.6/../../../../nios2-elf/lib/mno-hw-mul/libc.a(impure.o)
                              obj/default/alt_ucosii_simple_error_check.o (_impure_ptr)
/cygdrive/c/altera/12.0/nios2eds/bin/nios2-gnutools/H-i686-pc-cygwin/bin/../lib/gcc/nios2-elf/3.4.6/../../../../nios2-elf/lib/mno-hw-mul/libc.a(printf.o)
                              obj/default/alt_ucosii_simple_error_check.o (printf)
/cygdrive/c/altera/12.0/nios2eds/bin/nios2-gnutools/H-i686-pc-cygwin/bin/../lib/gcc/nios2-elf/3.4.6/../../../../nios2-elf/lib/mno-hw-mul/libc.a(rand.o)
                              obj/default/experiment2.o (srand)
/cygdrive/c/altera/12.0/nios2eds/bin/nios2-gnutools/H-i686-pc-cygwin/bin/../lib/gcc/nios2-elf/3.4.6/../../../../nios2-elf/lib/mno-hw-mul/libc.a(vfprintf1.o)
                              /cygdrive/c/altera/12.0/nios2eds/bin/nios2-gnutools/H-i686-pc-cygwin/bin/../lib/gcc/nios2-elf/3.4.6/../../../../nios2-elf/lib/mno-hw-mul/libc.a(fprintf.o) (__vfprintf_internal)
/cygdrive/c/altera/12.0/nios2eds/bin/nios2-gnutools/H-i686-pc-cygwin/bin/../lib/gcc/nios2-elf/3.4.6/../../../../nios2-elf/lib/mno-hw-mul/libc.a(wcrtomb.o)
                              /cygdrive/c/altera/12.0/nios2eds/bin/nios2-gnutools/H-i686-pc-cygwin/bin/../lib/gcc/nios2-elf/3.4.6/../../../../nios2-elf/lib/mno-hw-mul/libc.a(vfprintf1.o) (_wcrtomb_r)
/cygdrive/c/altera/12.0/nios2eds/bin/nios2-gnutools/H-i686-pc-cygwin/bin/../lib/gcc/nios2-elf/3.4.6/../../../../nios2-elf/lib/mno-hw-mul/libc.a(wcsrtombs.o)
                              /cygdrive/c/altera/12.0/nios2eds/bin/nios2-gnutools/H-i686-pc-cygwin/bin/../lib/gcc/nios2-elf/3.4.6/../../../../nios2-elf/lib/mno-hw-mul/libc.a(vfprintf1.o) (_wcsrtombs_r)
/cygdrive/c/altera/12.0/nios2eds/bin/nios2-gnutools/H-i686-pc-cygwin/bin/../lib/gcc/nios2-elf/3.4.6/../../../../nios2-elf/lib/mno-hw-mul/libc.a(wctomb_r.o)
                              /cygdrive/c/altera/12.0/nios2eds/bin/nios2-gnutools/H-i686-pc-cygwin/bin/../lib/gcc/nios2-elf/3.4.6/../../../../nios2-elf/lib/mno-hw-mul/libc.a(wcrtomb.o) (_wctomb_r)
/cygdrive/c/altera/12.0/nios2eds/bin/nios2-gnutools/H-i686-pc-cygwin/bin/../lib/gcc/nios2-elf/3.4.6/../../../../nios2-elf/lib/mno-hw-mul/libc.a(wsetup.o)
                              /cygdrive/c/altera/12.0/nios2eds/bin/nios2-gnutools/H-i686-pc-cygwin/bin/../lib/gcc/nios2-elf/3.4.6/../../../../nios2-elf/lib/mno-hw-mul/libc.a(vfprintf1.o) (__swsetup)
/cygdrive/c/altera/12.0/nios2eds/bin/nios2-gnutools/H-i686-pc-cygwin/bin/../lib/gcc/nios2-elf/3.4.6/../../../../nios2-elf/lib/mno-hw-mul/libc.a(dtoa.o)
                              /cygdrive/c/altera/12.0/nios2eds/bin/nios2-gnutools/H-i686-pc-cygwin/bin/../lib/gcc/nios2-elf/3.4.6/../../../../nios2-elf/lib/mno-hw-mul/libc.a(vfprintf1.o) (_dtoa_r)
/cygdrive/c/altera/12.0/nios2eds/bin/nios2-gnutools/H-i686-pc-cygwin/bin/../lib/gcc/nios2-elf/3.4.6/../../../../nios2-elf/lib/mno-hw-mul/libc.a(fflush.o)
                              /cygdrive/c/altera/12.0/nios2eds/bin/nios2-gnutools/H-i686-pc-cygwin/bin/../lib/gcc/nios2-elf/3.4.6/../../../../nios2-elf/lib/mno-hw-mul/libc.a(vfprintf1.o) (fflush)
/cygdrive/c/altera/12.0/nios2eds/bin/nios2-gnutools/H-i686-pc-cygwin/bin/../lib/gcc/nios2-elf/3.4.6/../../../../nios2-elf/lib/mno-hw-mul/libc.a(findfp.o)
                              /cygdrive/c/altera/12.0/nios2eds/bin/nios2-gnutools/H-i686-pc-cygwin/bin/../lib/gcc/nios2-elf/3.4.6/../../../../nios2-elf/lib/mno-hw-mul/libc.a(vfprintf1.o) (__sinit)
/cygdrive/c/altera/12.0/nios2eds/bin/nios2-gnutools/H-i686-pc-cygwin/bin/../lib/gcc/nios2-elf/3.4.6/../../../../nios2-elf/lib/mno-hw-mul/libc.a(freer.o)
                              /cygdrive/c/altera/12.0/nios2eds/bin/nios2-gnutools/H-i686-pc-cygwin/bin/../lib/gcc/nios2-elf/3.4.6/../../../../nios2-elf/lib/mno-hw-mul/libc.a(wsetup.o) (_free_r)
/cygdrive/c/altera/12.0/nios2eds/bin/nios2-gnutools/H-i686-pc-cygwin/bin/../lib/gcc/nios2-elf/3.4.6/../../../../nios2-elf/lib/mno-hw-mul/libc.a(fvwrite.o)
                              /cygdrive/c/altera/12.0/nios2eds/bin/nios2-gnutools/H-i686-pc-cygwin/bin/../lib/gcc/nios2-elf/3.4.6/../../../../nios2-elf/lib/mno-hw-mul/libc.a(vfprintf1.o) (__sfvwrite)
[...]
Memory Configuration

Name             Origin             Length             Attributes
reset            0x00080000         0x00000020
sram_0           0x00080020         0x0007ffe0
*default*        0x00000000         0xffffffff

Linker script and memory map

LOAD ../experiment2_bsp//obj/HAL/src/crt0.o
LOAD obj/default/PB_button.o
LOAD obj/default/alt_ucosii_simple_error_check.o
LOAD obj/default/experiment2.o
LOAD obj/default/tasks.o
LOAD /cygdrive/c/altera/12.0/nios2eds/bin/nios2-gnutools/H-i686-pc-cygwin/bin/../lib/gcc/nios2-elf/3.4.6/../../../../nios2-elf/lib/mno-hw-mul/libstdc++.a
LOAD /cygdrive/c/altera/12.0/nios2eds/bin/nios2-gnutools/H-i686-pc-cygwin/bin/../lib/gcc/nios2-elf/3.4.6/../../../../nios2-elf/lib/mno-hw-mul/libm.a
LOAD /cygdrive/c/altera/12.0/nios2eds/bin/nios2-gnutools/H-i686-pc-cygwin/bin/../lib/gcc/nios2-elf/3.4.6/mno-hw-mul/libgcc.a
START GROUP
LOAD /cygdrive/c/altera/12.0/nios2eds/bin/nios2-gnutools/H-i686-pc-cygwin/bin/../lib/gcc/nios2-elf/3.4.6/../../../../nios2-elf/lib/mno-hw-mul/libc.a
LOAD /cygdrive/c/altera/12.0/nios2eds/bin/nios2-gnutools/H-i686-pc-cygwin/bin/../lib/gcc/nios2-elf/3.4.6/mno-hw-mul/libgcc.a
LOAD ../experiment2_bsp//libucosii_bsp.a
END GROUP
LOAD /cygdrive/c/altera/12.0/nios2eds/bin/nios2-gnutools/H-i686-pc-cygwin/bin/../lib/gcc/nios2-elf/3.4.6/mno-hw-mul/libgcc.a
                0x00080000                __alt_mem_sram_0 = 0x80000

.entry          0x00080000       0x20
 *(.entry)
 .entry         0x00080000       0x20 ../experiment2_bsp//obj/HAL/src/crt0.o
                0x00080000                __reset

.exceptions     0x00080020      0x1ac
                0x00080020                PROVIDE (__ram_exceptions_start, <code 336> (.))
                0x00080020                . = ALIGN (0x20)
 *(.irq)
 *(.exceptions.entry.label)
 *(.exceptions.entry.user)
 *(.exceptions.entry)
 .exceptions.entry
                0x00080020       0x54 ../experiment2_bsp//libucosii_bsp.a(alt_exception_entry.o)
 *(.exceptions.irqtest.user)
 *(.exceptions.irqtest)
 .exceptions.irqtest
                0x00080074       0x10 ../experiment2_bsp//libucosii_bsp.a(alt_irq_entry.o)
 *(.exceptions.irqhandler.user)
 *(.exceptions.irqhandler)
 .exceptions.irqhandler
                0x00080084        0x4 ../experiment2_bsp//libucosii_bsp.a(alt_irq_entry.o)
 *(.exceptions.irqreturn.user)
 *(.exceptions.irqreturn)
 .exceptions.irqreturn
                0x00080088        0x4 ../experiment2_bsp//libucosii_bsp.a(alt_irq_entry.o)
 *(.exceptions.notirq.label)
 *(.exceptions.notirq.user)
 *(.exceptions.notirq)
 .exceptions.notirq
                0x0008008c        0x8 ../experiment2_bsp//libucosii_bsp.a(alt_exception_entry.o)
 *(.exceptions.soft.user)
 *(.exceptions.soft)
 *(.exceptions.unknown.user)
 *(.exceptions.unknown)
 .exceptions.unknown
                0x00080094        0x4 ../experiment2_bsp//libucosii_bsp.a(alt_exception_entry.o)
 *(.exceptions.exit.label)
 *(.exceptions.exit.user)
 *(.exceptions.exit)
 .exceptions.exit
                0x00080098       0x54 ../experiment2_bsp//libucosii_bsp.a(alt_exception_entry.o)
 *(.exceptions)
 .exceptions    0x000800ec       0xe0 ../experiment2_bsp//libucosii_bsp.a(alt_irq_handler.o)
                0x000800ec                alt_irq_handler
                0x000801cc                PROVIDE (__ram_exceptions_end, <code 336> (.))
                0x00080020                PROVIDE (__flash_exceptions_start, LOADADDR (.exceptions))

.text           0x000801cc    0x15dcc
                0x000801cc                PROVIDE (stext, <code 336> (.))
 *(.interp)
 *(.hash)
 *(.dynsym)
 *(.dynstr)
 *(.gnu.version)
 *(.gnu.version_d)
 *(.gnu.version_r)
 *(.rel.init)
 *(.rela.init)
 *(.rel.text .rel.text.* .rel.gnu.linkonce.t.*)
 *(.rela.text .rela.text.* .rela.gnu.linkonce.t.*)
 *(.rel.fini)
 *(.rela.fini)
 *(.rel.rodata .rel.rodata.* .rel.gnu.linkonce.r.*)
 *(.rela.rodata .rela.rodata.* .rela.gnu.linkonce.r.*)
 *(.rel.data .rel.data.* .rel.gnu.linkonce.d.*)
 *(.rela.data .rela.data.* .rela.gnu.linkonce.d.*)
 *(.rel.tdata .rel.tdata.* .rel.gnu.linkonce.td.*)
 *(.rela.tdata .rela.tdata.* .rela.gnu.linkonce.td.*)
 *(.rel.tbss .rel.tbss.* .rel.gnu.linkonce.tb.*)
 *(.rela.tbss .rela.tbss.* .rela.gnu.linkonce.tb.*)
 *(.rel.ctors)
 *(.rela.ctors)
 *(.rel.dtors)
 *(.rela.dtors)
 *(.rel.got)
 *(.rela.got)
 *(.rel.sdata .rel.sdata.* .rel.gnu.linkonce.s.*)
 *(.rela.sdata .rela.sdata.* .rela.gnu.linkonce.s.*)
 *(.rel.sbss .rel.sbss.* .rel.gnu.linkonce.sb.*)
 *(.rela.sbss .rela.sbss.* .rela.gnu.linkonce.sb.*)
 *(.rel.sdata2 .rel.sdata2.* .rel.gnu.linkonce.s2.*)
 *(.rela.sdata2 .rela.sdata2.* .rela.gnu.linkonce.s2.*)
 *(.rel.sbss2 .rel.sbss2.* .rel.gnu.linkonce.sb2.*)
 *(.rela.sbss2 .rela.sbss2.* .rela.gnu.linkonce.sb2.*)
 *(.rel.bss .rel.bss.* .rel.gnu.linkonce.b.*)
 *(.rela.bss .rela.bss.* .rela.gnu.linkonce.b.*)
 *(.rel.plt)
 *(.rela.plt)
 *(.rel.dyn)
 *(.init)
 *(.plt)
 *(.text .stub .text.* .gnu.linkonce.t.*)
 .text          0x000801cc       0x3c ../experiment2_bsp//obj/HAL/src/crt0.o
                0x000801cc                _start
 .text          0x00080208      0x224 obj/default/PB_button.o
                0x000802c8                KEY3_Pressed
                0x00080288                KEY2_Pressed
                0x00080248                KEY1_Pressed
                0x000803dc                init_button_irq
                0x00080208                KEY0_Pressed
                0x00080308                handle_button_interrupts
 .text          0x0008042c      0x264 obj/default/alt_ucosii_simple_error_check.o
                0x0008046c                alt_ucosii_simple_error_handler
                0x0008042c                alt_ucosii_check_return_code
 .text          0x00080690      0x2ac obj/default/experiment2.o
                0x00080690                initialize_task
                0x0008083c                init_OS_data_structs
                0x000806cc                main
                0x000808b4                init_create_tasks
 .text          0x0008093c     0x1094 obj/default/tasks.o
                0x00080a9c                custom_scheduler
                0x00081964                custom_delay
                0x0008093c                periodic_task1
                0x0008157c                custom_task_create
                0x00081328                custom_task_del
                0x000809ec                periodic_task2
 .text          0x000819d0      0x11c /cygdrive/c/altera/12.0/nios2eds/bin/nios2-gnutools/H-i686-pc-cygwin/bin/../lib/gcc/nios2-elf/3.4.6/mno-hw-mul/libgcc.a(lib2-divmod.o)
                0x00081acc                __udivsi3
                0x00081adc                __umodsi3
                0x00081a30                __divsi3
                0x00081a80                __modsi3
 .text          0x00081aec       0x28 /cygdrive/c/altera/12.0/nios2eds/bin/nios2-gnutools/H-i686-pc-cygwin/bin/../lib/gcc/nios2-elf/3.4.6/mno-hw-mul/libgcc.a(lib2-mul.o)
                0x00081aec                __mulsi3
 .text          0x00081b14       0x24 /cygdrive/c/altera/12.0/nios2eds/bin/nios2-gnutools/H-i686-pc-cygwin/bin/../lib/gcc/nios2-elf/3.4.6/../../../../nios2-elf/lib/mno-hw-mul/libc.a(fprintf.o)
                0x00081b14                fprintf
 .text          0x00081b38       0x34 /cygdrive/c/altera/12.0/nios2eds/bin/nios2-gnutools/H-i686-pc-cygwin/bin/../lib/gcc/nios2-elf/3.4.6/../../../../nios2-elf/lib/mno-hw-mul/libc.a(printf.o)
                0x00081b38                printf
 .text          0x00081b6c       0x84 /cygdrive/c/altera/12.0/nios2eds/bin/nios2-gnutools/H-i686-pc-cygwin/bin/../lib/gcc/nios2-elf/3.4.6/../../../../nios2-elf/lib/mno-hw-mul/libc.a(rand.o)
                0x00081b80                rand
                0x00081b6c                srand
 .text          0x00081bf0     0x1d3c /cygdrive/c/altera/12.0/nios2eds/bin/nios2-gnutools/H-i686-pc-cygwin/bin/../lib/gcc/nios2-elf/3.4.6/../../../../nios2-elf/lib/mno-hw-mul/libc.a(vfprintf1.o)
                0x00081c48                ___vfprintf_internal_r
                0x000838c0                __vfprintf_internal
 .text          0x0008392c       0x88 /cygdrive/c/altera/12.0/nios2eds/bin/nios2-gnutools/H-i686-pc-cygwin/bin/../lib/gcc/nios2-elf/3.4.6/../../../../nios2-elf/lib/mno-hw-mul/libc.a(wcrtomb.o)
                0x0008392c                _wcrtomb_r
                0x00083990                wcrtomb
 .text          0x000839b4      0x17c /cygdrive/c/altera/12.0/nios2eds/bin/nios2-gnutools/H-i686-pc-cygwin/bin/../lib/gcc/nios2-elf/3.4.6/../../../../nios2-elf/lib/mno-hw-mul/libc.a(wcsrtombs.o)
                0x000839b4                _wcsrtombs_r
                0x00083af4                wcsrtombs
 .text          0x00083b30      0x454 /cygdrive/c/altera/12.0/nios2eds/bin/nios2-gnutools/H-i686-pc-cygwin/bin/../lib/gcc/nios2-elf/3.4.6/../../../../nios2-elf/lib/mno-hw-mul/libc.a(wctomb_r.o)
                0x00083b30                _wctomb_r
 .text          0x00083f84      0x10c /cygdrive/c/altera/12.0/nios2eds/bin/nios2-gnutools/H-i686-pc-cygwin/bin/../lib/gcc/nios2-elf/3.4.6/../../../../nios2-elf/lib/mno-hw-mul/libc.a(wsetup.o)
                0x00083f84                __swsetup
 .text          0x00084090     0x1618 /cygdrive/c/altera/12.0/nios2eds/bin/nios2-gnutools/H-i686-pc-cygwin/bin/../lib/gcc/nios2-elf/3.4.6/../../../../nios2-elf/lib/mno-hw-mul/libc.a(dtoa.o)
                0x000842bc                _dtoa_r
 .text          0x000856a8       0xe8 /cygdrive/c/altera/12.0/nios2eds/bin/nios2-gnutools/H-i686-pc-cygwin/bin/../lib/gcc/nios2-elf/3.4.6/../../../../nios2-elf/lib/mno-hw-mul/libc.a(fflush.o)
                0x000856a8                fflush
 .text          0x00085790      0x118 /cygdrive/c/altera/12.0/nios2eds/bin/nios2-gnutools/H-i686-pc-cygwin/bin/../lib/gcc/nios2-elf/3.4.6/../../../../nios2-elf/lib/mno-hw-mul/libc.a(findfp.o)
                0x0008580c                __sinit
                0x000857fc                _cleanup
                0x000857e8                _cleanup_r
 .text          0x000858a8      0x3dc /cygdrive/c/altera/12.0/nios2eds/bin/nios2-gnutools/H-i686-pc-cygwin/bin/../lib/gcc/nios2-elf/3.4.6/../../../../nios2-elf/lib/mno-hw-mul/libc.a(freer.o)
                0x000859cc                _free_r
                0x000858a8                _malloc_trim_r
 .text          0x00085c84      0x384 /cygdrive/c/altera/12.0/nios2eds/bin/nios2-gnutools/H-i686-pc-cygwin/bin/../lib/gcc/nios2-elf/3.4.6/../../../../nios2-elf/lib/mno-hw-mul/libc.a(fvwrite.o)
                0x00085c84                __sfvwrite
 .text          0x00086008       0xd4 /cygdrive/c/altera/12.0/nios2eds/bin/nios2-gnutools/H-i686-pc-cygwin/bin/../lib/gcc/nios2-elf/3.4.6/../../../../nios2-elf/lib/mno-hw-mul/libc.a(fwalk.o)
                0x00086008                _fwalk
 .text          0x000860dc       0xc8 /cygdrive/c/altera/12.0/nios2eds/bin/nios2-gnutools/H-i686-pc-cygwin/bin/../lib/gcc/nios2-elf/3.4.6/../../../../nios2-elf/lib/mno-hw-mul/libc.a(locale.o)
                0x000860dc                _setlocale_r
                0x00086164                __locale_charset
                0x0008616c                _localeconv_r
                0x00086178                setlocale
                0x00086194                localeconv
 .text          0x000861a4      0x148 /cygdrive/c/altera/12.0/nios2eds/bin/nios2-gnutools/H-i686-pc-cygwin/bin/../lib/gcc/nios2-elf/3.4.6/../../../../nios2-elf/lib/mno-hw-mul/libc.a(makebuf.o)
                0x000861a4                __smakebuf
 .text          0x000862ec       0x28 /cygdrive/c/altera/12.0/nios2eds/bin/nios2-gnutools/H-i686-pc-cygwin/bin/../lib/gcc/nios2-elf/3.4.6/../../../../nios2-elf/lib/mno-hw-mul/libc.a(malloc.o)
                0x000862ec                malloc
                0x00086300                free
 .text          0x00086314      0x6b8 /cygdrive/c/altera/12.0/nios2eds/bin/nios2-gnutools/H-i686-pc-cygwin/bin/../lib/gcc/nios2-elf/3.4.6/../../../../nios2-elf/lib/mno-hw-mul/libc.a(mallocr.o)
                0x00086314                _malloc_r
 .text          0x000869cc       0xcc /cygdrive/c/altera/12.0/nios2eds/bin/nios2-gnutools/H-i686-pc-cygwin/bin/../lib/gcc/nios2-elf/3.4.6/../../../../nios2-elf/lib/mno-hw-mul/libc.a(memchr.o)
                0x000869cc                memchr
 .text          0x00086a98       0xbc /cygdrive/c/altera/12.0/nios2eds/bin/nios2-gnutools/H-i686-pc-cygwin/bin/../lib/gcc/nios2-elf/3.4.6/../../../../nios2-elf/lib/mno-hw-mul/libc.a(memcpy.o)
                0x00086a98                memcpy
 .text          0x00086b54      0x108 /cygdrive/c/altera/12.0/nios2eds/bin/nios2-gnutools/H-i686-pc-cygwin/bin/../lib/gcc/nios2-elf/3.4.6/../../../../nios2-elf/lib/mno-hw-mul/libc.a(memmove.o)
                0x00086b54                memmove
 .text          0x00086c5c       0x9c /cygdrive/c/altera/12.0/nios2eds/bin/nios2-gnutools/H-i686-pc-cygwin/bin/../lib/gcc/nios2-elf/3.4.6/../../../../nios2-elf/lib/mno-hw-mul/libc.a(memset.o)
                0x00086c5c                memset
 .text          0x00086cf8      0xf6c /cygdrive/c/altera/12.0/nios2eds/bin/nios2-gnutools/H-i686-pc-cygwin/bin/../lib/gcc/nios2-elf/3.4.6/../../../../nios2-elf/lib/mno-hw-mul/libc.a(mprec.o)
                0x00087bb4                _mprec_log10
                0x00086fec                _hi0bits
                0x00086cf8                _Balloc
                0x0008798c                _d2b
                0x00087140                _multiply
                0x00087b08                _ratio
                0x00086ef0                _s2b
                0x00087104                _i2b
                0x00087050                _lo0bits
                0x000875f8                __mcmp
                0x00087394                _pow5mult
                0x000877e0                _ulp
                0x00087868                _b2d
                0x00086dcc                _multadd
                0x0008765c                __mdiff
                0x000874c0                _lshift
                0x00086da8                _Bfree
 .text          0x00087c64      0x550 /cygdrive/c/altera/12.0/nios2eds/bin/nios2-gnutools/H-i686-pc-cygwin/bin/../lib/gcc/nios2-elf/3.4.6/../../../../nios2-elf/lib/mno-hw-mul/libc.a(reallocr.o)
                0x00087c64                _realloc_r
 .text          0x000881b4       0x44 /cygdrive/c/altera/12.0/nios2eds/bin/nios2-gnutools/H-i686-pc-cygwin/bin/../lib/gcc/nios2-elf/3.4.6/../../../../nios2-elf/lib/mno-hw-mul/libc.a(s_isinf.o)
                0x000881b4                isinf
 .text          0x000881f8       0x34 /cygdrive/c/altera/12.0/nios2eds/bin/nios2-gnutools/H-i686-pc-cygwin/bin/../lib/gcc/nios2-elf/3.4.6/../../../../nios2-elf/lib/mno-hw-mul/libc.a(s_isnan.o)
                0x000881f8                isnan
 .text          0x0008822c       0x4c /cygdrive/c/altera/12.0/nios2eds/bin/nios2-gnutools/H-i686-pc-cygwin/bin/../lib/gcc/nios2-elf/3.4.6/../../../../nios2-elf/lib/mno-hw-mul/libc.a(sbrkr.o)
                0x0008822c                _sbrk_r
 .text          0x00088278      0x17c /cygdrive/c/altera/12.0/nios2eds/bin/nios2-gnutools/H-i686-pc-cygwin/bin/../lib/gcc/nios2-elf/3.4.6/../../../../nios2-elf/lib/mno-hw-mul/libc.a(stdio.o)
                0x00088368                __sseek
                0x00088278                __sread
                0x000883e0                __sclose
                0x000882e8                __swrite
 .text          0x000883f4       0xb8 /cygdrive/c/altera/12.0/nios2eds/bin/nios2-gnutools/H-i686-pc-cygwin/bin/../lib/gcc/nios2-elf/3.4.6/../../../../nios2-elf/lib/mno-hw-mul/libc.a(strcmp.o)
                0x000883f4                strcmp
 .text          0x000884ac       0x5c /cygdrive/c/altera/12.0/nios2eds/bin/nios2-gnutools/H-i686-pc-cygwin/bin/../lib/gcc/nios2-elf/3.4.6/../../../../nios2-elf/lib/mno-hw-mul/libc.a(strlen.o)
                0x000884ac                strlen
 .text          0x00088508       0x64 /cygdrive/c/altera/12.0/nios2eds/bin/nios2-gnutools/H-i686-pc-cygwin/bin/../lib/gcc/nios2-elf/3.4.6/../../../../nios2-elf/lib/mno-hw-mul/libc.a(writer.o)
                0x00088508                _write_r
 .text          0x0008856c       0xc4 /cygdrive/c/altera/12.0/nios2eds/bin/nios2-gnutools/H-i686-pc-cygwin/bin/../lib/gcc/nios2-elf/3.4.6/../../../../nios2-elf/lib/mno-hw-mul/libc.a(callocr.o)
                0x0008856c                _calloc_r
 .text          0x00088630       0x5c /cygdrive/c/altera/12.0/nios2eds/bin/nios2-gnutools/H-i686-pc-cygwin/bin/../lib/gcc/nios2-elf/3.4.6/../../../../nios2-elf/lib/mno-hw-mul/libc.a(closer.o)
                0x00088630                _close_r
 .text          0x0008868c       0x60 /cygdrive/c/altera/12.0/nios2eds/bin/nios2-gnutools/H-i686-pc-cygwin/bin/../lib/gcc/nios2-elf/3.4.6/../../../../nios2-elf/lib/mno-hw-mul/libc.a(fstatr.o)
                0x0008868c                _fstat_r
 .text          0x000886ec       0x64 /cygdrive/c/altera/12.0/nios2eds/bin/nios2-gnutools/H-i686-pc-cygwin/bin/../lib/gcc/nios2-elf/3.4.6/../../../../nios2-elf/lib/mno-hw-mul/libc.a(lseekr.o)
                0x000886ec                _lseek_r
 .text          0x00088750       0x64 /cygdrive/c/altera/12.0/nios2eds/bin/nios2-gnutools/H-i686-pc-cygwin/bin/../lib/gcc/nios2-elf/3.4.6/../../../../nios2-elf/lib/mno-hw-mul/libc.a(readr.o)
                0x00088750                _read_r
 .text          0x000887b4      0x10c /cygdrive/c/altera/12.0/nios2eds/bin/nios2-gnutools/H-i686-pc-cygwin/bin/../lib/gcc/nios2-elf/3.4.6/mno-hw-mul/libgcc.a(_muldi3.o)
                0x000887b4                __muldi3
 .text          0x000888c0       0x20 /cygdrive/c/altera/12.0/nios2eds/bin/nios2-gnutools/H-i686-pc-cygwin/bin/../lib/gcc/nios2-elf/3.4.6/mno-hw-mul/libgcc.a(_negdi2.o)
                0x000888c0                __negdi2
 .text          0x000888e0      0x5f0 /cygdrive/c/altera/12.0/nios2eds/bin/nios2-gnutools/H-i686-pc-cygwin/bin/../lib/gcc/nios2-elf/3.4.6/mno-hw-mul/libgcc.a(_udivdi3.o)
                0x000888e0                __udivdi3
 .text          0x00088ed0      0x650 /cygdrive/c/altera/12.0/nios2eds/bin/nios2-gnutools/H-i686-pc-cygwin/bin/../lib/gcc/nios2-elf/3.4.6/mno-hw-mul/libgcc.a(_umoddi3.o)
                0x00088ed0                __umoddi3
 .text          0x00089520      0x400 /cygdrive/c/altera/12.0/nios2eds/bin/nios2-gnutools/H-i686-pc-cygwin/bin/../lib/gcc/nios2-elf/3.4.6/mno-hw-mul/libgcc.a(_addsub_df.o)
                0x0008983c                __adddf3
                0x000898a8                __subdf3
 .text          0x00089920      0x400 /cygdrive/c/altera/12.0/nios2eds/bin/nios2-gnutools/H-i686-pc-cygwin/bin/../lib/gcc/nios2-elf/3.4.6/mno-hw-mul/libgcc.a(_mul_df.o)
                0x00089920                __muldf3
 .text          0x00089d20      0x250 /cygdrive/c/altera/12.0/nios2eds/bin/nios2-gnutools/H-i686-pc-cygwin/bin/../lib/gcc/nios2-elf/3.4.6/mno-hw-mul/libgcc.a(_div_df.o)
                0x00089d20                __divdf3
 .text          0x00089f70       0x8c /cygdrive/c/altera/12.0/nios2eds/bin/nios2-gnutools/H-i686-pc-cygwin/bin/../lib/gcc/nios2-elf/3.4.6/mno-hw-mul/libgcc.a(_eq_df.o)
                0x00089f70                __eqdf2
 .text          0x00089ffc       0x8c /cygdrive/c/altera/12.0/nios2eds/bin/nios2-gnutools/H-i686-pc-cygwin/bin/../lib/gcc/nios2-elf/3.4.6/mno-hw-mul/libgcc.a(_ne_df.o)
                0x00089ffc                __nedf2
 .text          0x0008a088       0x8c /cygdrive/c/altera/12.0/nios2eds/bin/nios2-gnutools/H-i686-pc-cygwin/bin/../lib/gcc/nios2-elf/3.4.6/mno-hw-mul/libgcc.a(_gt_df.o)
                0x0008a088                __gtdf2
 .text          0x0008a114       0x8c /cygdrive/c/altera/12.0/nios2eds/bin/nios2-gnutools/H-i686-pc-cygwin/bin/../lib/gcc/nios2-elf/3.4.6/mno-hw-mul/libgcc.a(_ge_df.o)
                0x0008a114                __gedf2
 .text          0x0008a1a0       0x8c /cygdrive/c/altera/12.0/nios2eds/bin/nios2-gnutools/H-i686-pc-cygwin/bin/../lib/gcc/nios2-elf/3.4.6/mno-hw-mul/libgcc.a(_lt_df.o)
                0x0008a1a0                __ltdf2
 .text          0x0008a22c       0xd0 /cygdrive/c/altera/12.0/nios2eds/bin/nios2-gnutools/H-i686-pc-cygwin/bin/../lib/gcc/nios2-elf/3.4.6/mno-hw-mul/libgcc.a(_si_to_df.o)
                0x0008a22c                __floatsidf
 .text          0x0008a2fc       0xb0 /cygdrive/c/altera/12.0/nios2eds/bin/nios2-gnutools/H-i686-pc-cygwin/bin/../lib/gcc/nios2-elf/3.4.6/mno-hw-mul/libgcc.a(_df_to_si.o)
                0x0008a2fc                __fixdfsi
 .text          0x0008a3ac       0x50 /cygdrive/c/altera/12.0/nios2eds/bin/nios2-gnutools/H-i686-pc-cygwin/bin/../lib/gcc/nios2-elf/3.4.6/mno-hw-mul/libgcc.a(_lshrdi3.o)
                0x0008a3ac                __lshrdi3
 .text          0x0008a3fc      0x290 /cygdrive/c/altera/12.0/nios2eds/bin/nios2-gnutools/H-i686-pc-cygwin/bin/../lib/gcc/nios2-elf/3.4.6/mno-hw-mul/libgcc.a(_pack_df.o)
                0x0008a3fc                __pack_d
 .text          0x0008a68c      0x128 /cygdrive/c/altera/12.0/nios2eds/bin/nios2-gnutools/H-i686-pc-cygwin/bin/../lib/gcc/nios2-elf/3.4.6/mno-hw-mul/libgcc.a(_unpack_df.o)
                0x0008a68c                __unpack_d
 .text          0x0008a7b4      0x114 /cygdrive/c/altera/12.0/nios2eds/bin/nios2-gnutools/H-i686-pc-cygwin/bin/../lib/gcc/nios2-elf/3.4.6/mno-hw-mul/libgcc.a(_fpcmp_parts_df.o)
                0x0008a7b4                __fpcmp_parts_d
 .text          0x0008a8c8       0x50 /cygdrive/c/altera/12.0/nios2eds/bin/nios2-gnutools/H-i686-pc-cygwin/bin/../lib/gcc/nios2-elf/3.4.6/mno-hw-mul/libgcc.a(_ashldi3.o)
                0x0008a8c8                __ashldi3
 .text          0x0008a918      0x144 ../experiment2_bsp//libucosii_bsp.a(alt_close.o)
                0x0008a918                close
 .text          0x0008aa5c       0x28 ../experiment2_bsp//libucosii_bsp.a(alt_dev.o)
 .text          0x0008aa84      0x11c ../experiment2_bsp//libucosii_bsp.a(alt_fstat.o)
                0x0008aa84                fstat
 .text          0x0008aba0      0x1a4 ../experiment2_bsp//libucosii_bsp.a(alt_irq_register.o)
                0x0008aba0                alt_irq_register
 .text          0x0008ad44      0x108 ../experiment2_bsp//libucosii_bsp.a(alt_isatty.o)
                0x0008ad44                isatty
 .text          0x0008ae4c       0xe4 ../experiment2_bsp//libucosii_bsp.a(alt_load.o)
                0x0008ae4c                alt_load
 .text          0x0008af30      0x138 ../experiment2_bsp//libucosii_bsp.a(alt_lseek.o)
                0x0008af30                lseek
 .text          0x0008b068       0xd4 ../experiment2_bsp//libucosii_bsp.a(alt_main.o)
                0x0008b068                alt_main
 .text          0x0008b13c      0x234 ../experiment2_bsp//libucosii_bsp.a(alt_printf.o)
                0x0008b13c                alt_printf
 .text          0x0008b370       0x34 ../experiment2_bsp//libucosii_bsp.a(alt_putchar.o)
                0x0008b370                alt_putchar
 .text          0x0008b3a4      0x168 ../experiment2_bsp//libucosii_bsp.a(alt_read.o)
                0x0008b3a4                read
 .text          0x0008b50c       0x74 ../experiment2_bsp//libucosii_bsp.a(alt_release_fd.o)
                0x0008b50c                alt_release_fd
 .text          0x0008b580       0xc0 ../experiment2_bsp//libucosii_bsp.a(alt_sbrk.o)
                0x0008b580                sbrk
 .text          0x0008b640      0x168 ../experiment2_bsp//libucosii_bsp.a(alt_write.o)
                0x0008b640                write
 .text          0x0008b7a8       0xf8 ../experiment2_bsp//libucosii_bsp.a(alt_env_lock.o)
                0x0008b848                __env_unlock
                0x0008b7a8                __env_lock
 .text          0x0008b8a0      0x1c4 ../experiment2_bsp//libucosii_bsp.a(alt_malloc_lock.o)
                0x0008b99c                __malloc_unlock
                0x0008b8a0                __malloc_lock
 .text          0x0008ba64     0x1fdc ../experiment2_bsp//libucosii_bsp.a(os_core.o)
                0x0008bcd8                OSEventPendMulti
                0x0008c3e0                OSIntEnter
                0x0008d77c                OS_TCBInit
                0x0008cda4                OS_EventTaskRemove
                0x0008ba64                OSEventNameGet
                0x0008c458                OSIntExit
                0x0008d338                OS_MemCopy
                0x0008d3a0                OS_Sched
                0x0008ce44                OS_EventTaskRemoveMulti
                0x0008cc74                OS_EventTaskWaitMulti
                0x0008d5f4                OS_TaskStat
                0x0008d2e8                OS_MemClr
                0x0008ca14                OS_EventTaskRdy
                0x0008c5c4                OSSchedUnlock
                0x0008c6fc                OSStatInit
                0x0008c9fc                OS_Dummy
                0x0008bb94                OSEventNameSet
                0x0008cb88                OS_EventTaskWait
                0x0008d6c0                OS_TaskStatStkChk
                0x0008c69c                OSStart
                0x0008c7b4                OSTimeTick
                0x0008c540                OSSchedLock
                0x0008d4c8                OS_StrCopy
                0x0008c390                OSInit
                0x0008d540                OS_StrLen
                0x0008c9e0                OSVersion
                0x0008cf30                OS_EventWaitListInit
                0x0008d590                OS_TaskIdle
 .text          0x0008da40      0x188 ../experiment2_bsp//libucosii_bsp.a(os_dbg.o)
                0x0008da40                OSDebugInit
 .text          0x0008dbc8     0x176c ../experiment2_bsp//libucosii_bsp.a(os_flag.o)
                0x0008eac0                OSFlagPendGetFlagsRdy
                0x0008dbc8                OSFlagAccept
                0x0008f28c                OS_FlagUnlink
                0x0008f0d8                OS_FlagInit
                0x0008eebc                OSFlagQuery
                0x0008eb24                OSFlagPost
                0x0008dee4                OSFlagCreate
                0x0008dffc                OSFlagDel
                0x0008e4fc                OSFlagPend
                0x0008e3b0                OSFlagNameSet
                0x0008e278                OSFlagNameGet
 .text          0x0008f334      0x7e0 ../experiment2_bsp//libucosii_bsp.a(os_mem.o)
                0x0008fa44                OS_MemInit
                0x0008f630                OSMemNameGet
                0x0008f528                OSMemGet
                0x0008f850                OSMemPut
                0x0008f334                OSMemCreate
                0x0008f944                OSMemQuery
                0x0008f734                OSMemNameSet
 .text          0x0008fb14     0x11c4 ../experiment2_bsp//libucosii_bsp.a(os_q.o)
                0x000900d0                OSQFlush
                0x0008fb14                OSQAccept
                0x000905b0                OSQPost
                0x00090198                OSQPend
                0x00090724                OSQPostFront
                0x0008fc60                OSQCreate
                0x0009089c                OSQPostOpt
                0x0008fe20                OSQDel
                0x0009043c                OSQPendAbort
                0x00090c38                OS_QInit
                0x00090ab8                OSQQuery
 .text          0x00090cd8      0xaec ../experiment2_bsp//libucosii_bsp.a(os_sem.o)
                0x000910ec                OSSemPend
                0x00090cd8                OSSemAccept
                0x00091300                OSSemPendAbort
                0x00091474                OSSemPost
                0x00090d94                OSSemCreate
                0x00091590                OSSemQuery
                0x000916c4                OSSemSet
                0x00090e7c                OSSemDel
 .text          0x000917c4     0x17bc ../experiment2_bsp//libucosii_bsp.a(os_task.o)
                0x00091e48                OSTaskCreateExt
                0x00091c8c                OSTaskCreate
                0x000917c4                OSTaskChangePrio
                0x00092030                OSTaskDel
                0x0009268c                OSTaskNameSet
                0x00092378                OSTaskDelReq
                0x00092840                OSTaskResume
                0x000924e8                OSTaskNameGet
                0x00092a14                OSTaskStkChk
                0x00092dd0                OSTaskQuery
                0x00092f0c                OS_TaskStkClr
                0x00092bec                OSTaskSuspend
 .text          0x00092f80      0x510 ../experiment2_bsp//libucosii_bsp.a(os_time.o)
                0x00093430                OSTimeSet
                0x00092f80                OSTimeDly
                0x00093078                OSTimeDlyHMSM
                0x000931f8                OSTimeDlyResume
                0x000933d0                OSTimeGet
 .text          0x00093490       0xe0 ../experiment2_bsp//libucosii_bsp.a(alt_sys_init.o)
                0x000934c0                alt_sys_init
                0x00093490                alt_irq_init
 .text          0x00093570      0x138 ../experiment2_bsp//libucosii_bsp.a(altera_avalon_jtag_uart_fd.o)
                0x00093570                altera_avalon_jtag_uart_read_fd
                0x00093618                altera_avalon_jtag_uart_close_fd
                0x0009365c                altera_avalon_jtag_uart_ioctl_fd
                0x000935c4                altera_avalon_jtag_uart_write_fd
 .text          0x000936a8      0x5c0 ../experiment2_bsp//libucosii_bsp.a(altera_avalon_jtag_uart_init.o)
                0x000936a8                altera_avalon_jtag_uart_init
                0x00093bfc                altera_avalon_jtag_uart_close
 .text          0x00093c68       0xf8 ../experiment2_bsp//libucosii_bsp.a(altera_avalon_jtag_uart_ioctl.o)
                0x00093c68                altera_avalon_jtag_uart_ioctl
 .text          0x00093d60      0x2cc ../experiment2_bsp//libucosii_bsp.a(altera_avalon_jtag_uart_read.o)
                0x00093d60                altera_avalon_jtag_uart_read
 .text          0x0009402c      0x2ec ../experiment2_bsp//libucosii_bsp.a(altera_avalon_jtag_uart_write.o)
                0x0009402c                altera_avalon_jtag_uart_write
 .text          0x00094318      0x100 ../experiment2_bsp//libucosii_bsp.a(altera_avalon_timer_sc.o)
                0x0009438c                alt_avalon_timer_sc_init
 .text          0x00094418      0x4d4 ../experiment2_bsp//libucosii_bsp.a(altera_up_avalon_character_lcd.o)
                0x00094488                alt_up_character_lcd_send_cmd
                0x00094418                get_DDRAM_addr
                0x000945e0                alt_up_character_lcd_write_fd
                0x000948bc                alt_up_character_lcd_cursor_blink_on
                0x0009451c                alt_up_character_lcd_write
                0x0009474c                alt_up_character_lcd_shift_display
                0x000947fc                alt_up_character_lcd_erase_pos
                0x0009469c                alt_up_character_lcd_shift_cursor
                0x000944e4                alt_up_character_lcd_open_dev
                0x000944b8                alt_up_character_lcd_init
                0x0009488c                alt_up_character_lcd_cursor_off
                0x00094584                alt_up_character_lcd_string
                0x00094624                alt_up_character_lcd_set_cursor_pos
 .text          0x000948ec      0x154 ../experiment2_bsp//libucosii_bsp.a(alt_alarm_start.o)
                0x000948ec                alt_alarm_start
 .text          0x00094a40       0x18 ../experiment2_bsp//libucosii_bsp.a(alt_dcache_flush_all.o)
                0x00094a40                alt_dcache_flush_all
 .text          0x00094a58       0xf8 ../experiment2_bsp//libucosii_bsp.a(alt_dev_llist_insert.o)
                0x00094a58                alt_dev_llist_insert
 .text          0x00094b50       0x58 ../experiment2_bsp//libucosii_bsp.a(alt_do_ctors.o)
                0x00094b50                _do_ctors
 .text          0x00094ba8       0x58 ../experiment2_bsp//libucosii_bsp.a(alt_do_dtors.o)
                0x00094ba8                _do_dtors
 .text          0x00094c00       0x90 ../experiment2_bsp//libucosii_bsp.a(alt_find_dev.o)
                0x00094c00                alt_find_dev
 .text          0x00094c90       0x18 ../experiment2_bsp//libucosii_bsp.a(alt_icache_flush_all.o)
                0x00094c90                alt_icache_flush_all
 .text          0x00094ca8      0x1a0 ../experiment2_bsp//libucosii_bsp.a(alt_iic.o)
                0x00094e08                alt_ic_irq_enabled
                0x00094ca8                alt_ic_isr_register
                0x00094d7c                alt_ic_irq_disable
                0x00094cf4                alt_ic_irq_enable
 .text          0x00094e48       0xfc ../experiment2_bsp//libucosii_bsp.a(alt_iic_isr_register.o)
                0x00094e48                alt_iic_isr_register
 .text          0x00094f44      0x150 ../experiment2_bsp//libucosii_bsp.a(alt_io_redirect.o)
                0x00095020                alt_io_redirect
 .text          0x00095094      0x2b8 ../experiment2_bsp//libucosii_bsp.a(alt_open.o)
                0x0009517c                open
 .text          0x0009534c      0x1a0 ../experiment2_bsp//libucosii_bsp.a(alt_tick.o)
                0x000953e8                alt_tick
                0x0009534c                alt_alarm_stop
 .text          0x000954ec       0x1c ../experiment2_bsp//libucosii_bsp.a(altera_nios2_qsys_irq.o)
                0x000954ec                altera_nios2_qsys_irq_init
 .text          0x00095508       0xd0 ../experiment2_bsp//libucosii_bsp.a(os_cpu_a.o)
                0x000955b4                OSStartTsk
                0x00095594                OSStartHighRdy
                0x00095508                OSCtxSw
                0x00095508                OSIntCtxSw
 .text          0x000955d8      0x400 ../experiment2_bsp//libucosii_bsp.a(os_cpu_c.o)
                0x000958f4                OSTaskCreateHook
                0x00095944                OSTaskStatHook
                0x00095974                OSInitHookBegin
                0x00095910                OSTaskDelHook
                0x0009595c                OSTimeTickHook
                0x000959bc                OSTCBInitHook
                0x000955d8                OSTaskStkInit
                0x0009598c                OSInitHookEnd
                0x0009592c                OSTaskSwHook
                0x000959a4                OSTaskIdleHook
 .text          0x000959d8       0xe4 ../experiment2_bsp//libucosii_bsp.a(alt_find_file.o)
                0x000959d8                alt_find_file
 .text          0x00095abc       0xe8 ../experiment2_bsp//libucosii_bsp.a(alt_get_fd.o)
                0x00095abc                alt_get_fd
 .text          0x00095ba4       0x9c /cygdrive/c/altera/12.0/nios2eds/bin/nios2-gnutools/H-i686-pc-cygwin/bin/../lib/gcc/nios2-elf/3.4.6/../../../../nios2-elf/lib/mno-hw-mul/libc.a(atexit.o)
                0x00095ba4                atexit
 .text          0x00095c40       0xe4 /cygdrive/c/altera/12.0/nios2eds/bin/nios2-gnutools/H-i686-pc-cygwin/bin/../lib/gcc/nios2-elf/3.4.6/../../../../nios2-elf/lib/mno-hw-mul/libc.a(exit.o)
                0x00095c40                exit
 .text          0x00095d24       0x70 /cygdrive/c/altera/12.0/nios2eds/bin/nios2-gnutools/H-i686-pc-cygwin/bin/../lib/gcc/nios2-elf/3.4.6/../../../../nios2-elf/lib/mno-hw-mul/libc.a(memcmp.o)
                0x00095d24                memcmp
 .text          0x00095d94       0x8c /cygdrive/c/altera/12.0/nios2eds/bin/nios2-gnutools/H-i686-pc-cygwin/bin/../lib/gcc/nios2-elf/3.4.6/../../../../nios2-elf/lib/mno-hw-mul/libc.a(putc.o)
                0x00095d94                putc
 .text          0x00095e20      0x118 /cygdrive/c/altera/12.0/nios2eds/bin/nios2-gnutools/H-i686-pc-cygwin/bin/../lib/gcc/nios2-elf/3.4.6/../../../../nios2-elf/lib/mno-hw-mul/libc.a(wbuf.o)
                0x00095e20                __swbuf
 .text          0x00095f38       0x60 ../experiment2_bsp//libucosii_bsp.a(alt_exit.o)
                0x00095f74                _exit
 *(.gnu.warning.*)
 *(.fini)
                0x00095f98                PROVIDE (__etext, <code 336> (.))
                0x00095f98                PROVIDE (_etext, <code 336> (.))
                0x00095f98                PROVIDE (etext, <code 336> (.))
 *(.eh_frame_hdr)
                0x00095f98                . = ALIGN (0x4)
                0x00095f98                PROVIDE (__preinit_array_start, <code 336> (.))
 *(.preinit_array)
                0x00095f98                PROVIDE (__preinit_array_end, <code 336> (.))
                0x00095f98                PROVIDE (__init_array_start, <code 336> (.))
 *(.init_array)
                0x00095f98                PROVIDE (__init_array_end, <code 336> (.))
                0x00095f98                PROVIDE (__fini_array_start, <code 336> (.))
 *(.fini_array)
                0x00095f98                PROVIDE (__fini_array_end, <code 336> (.))
 *(.eh_frame)
 *(.gcc_except_table)
 *(.dynamic)
                0x00095f98                PROVIDE (__CTOR_LIST__, <code 336> (.))
 *(.ctors)
 *(SORT(.ctors.*))
                0x00095f98                PROVIDE (__CTOR_END__, <code 336> (.))
                0x00095f98                PROVIDE (__DTOR_LIST__, <code 336> (.))
 *(.dtors)
 *(SORT(.dtors.*))
                0x00095f98                PROVIDE (__DTOR_END__, <code 336> (.))
 *(.jcr)
                0x00095f98                . = ALIGN (0x4)

.rodata         0x00095f98     0x1084
                0x00095f98                PROVIDE (__ram_rodata_start, <code 336> (.))
                0x00095f98                . = ALIGN (0x4)
 *(.rodata .rodata.* .gnu.linkonce.r.*)
 .rodata        0x00095f98      0x554 obj/default/alt_ucosii_simple_error_check.o
 .rodata        0x000964ec      0x138 obj/default/experiment2.o
 .rodata        0x00096624      0x3ec obj/default/tasks.o
 .rodata.str1.4
                0x00096a10        0x2 /cygdrive/c/altera/12.0/nios2eds/bin/nios2-gnutools/H-i686-pc-cygwin/bin/../lib/gcc/nios2-elf/3.4.6/../../../../nios2-elf/lib/mno-hw-mul/libc.a(impure.o)
                                  0x4 (size before relaxing)
 *fill*         0x00096a12        0x2 00
 .rodata        0x00096a14      0x184 /cygdrive/c/altera/12.0/nios2eds/bin/nios2-gnutools/H-i686-pc-cygwin/bin/../lib/gcc/nios2-elf/3.4.6/../../../../nios2-elf/lib/mno-hw-mul/libc.a(vfprintf1.o)
 .rodata.str1.4
                0x00096b98       0x5b /cygdrive/c/altera/12.0/nios2eds/bin/nios2-gnutools/H-i686-pc-cygwin/bin/../lib/gcc/nios2-elf/3.4.6/../../../../nios2-elf/lib/mno-hw-mul/libc.a(vfprintf1.o)
                                 0x5c (size before relaxing)
 *fill*         0x00096bf3        0x1 00
 .rodata.str1.4
                0x00096bf4       0x1e /cygdrive/c/altera/12.0/nios2eds/bin/nios2-gnutools/H-i686-pc-cygwin/bin/../lib/gcc/nios2-elf/3.4.6/../../../../nios2-elf/lib/mno-hw-mul/libc.a(wctomb_r.o)
                                 0x20 (size before relaxing)
 *fill*         0x00096c12        0x2 00
 .rodata.str1.4
                0x00096c14        0x9 /cygdrive/c/altera/12.0/nios2eds/bin/nios2-gnutools/H-i686-pc-cygwin/bin/../lib/gcc/nios2-elf/3.4.6/../../../../nios2-elf/lib/mno-hw-mul/libc.a(dtoa.o)
                                 0x14 (size before relaxing)
 *fill*         0x00096c1d        0x3 00
 .rodata        0x00096c20       0x18 /cygdrive/c/altera/12.0/nios2eds/bin/nios2-gnutools/H-i686-pc-cygwin/bin/../lib/gcc/nios2-elf/3.4.6/../../../../nios2-elf/lib/mno-hw-mul/libc.a(dtoa.o)
 .rodata.str1.4
                0x00096c38        0xb /cygdrive/c/altera/12.0/nios2eds/bin/nios2-gnutools/H-i686-pc-cygwin/bin/../lib/gcc/nios2-elf/3.4.6/../../../../nios2-elf/lib/mno-hw-mul/libc.a(locale.o)
                                 0x18 (size before relaxing)
 *fill*         0x00096c43        0x1 00
 .rodata        0x00096c44       0x30 /cygdrive/c/altera/12.0/nios2eds/bin/nios2-gnutools/H-i686-pc-cygwin/bin/../lib/gcc/nios2-elf/3.4.6/../../../../nios2-elf/lib/mno-hw-mul/libc.a(locale.o)
 .rodata        0x00096c74      0x124 /cygdrive/c/altera/12.0/nios2eds/bin/nios2-gnutools/H-i686-pc-cygwin/bin/../lib/gcc/nios2-elf/3.4.6/../../../../nios2-elf/lib/mno-hw-mul/libc.a(mprec.o)
                0x00096c74                __mprec_tinytens
                0x00096cc4                __mprec_tens
                0x00096c9c                __mprec_bigtens
 .rodata        0x00096d98       0x14 /cygdrive/c/altera/12.0/nios2eds/bin/nios2-gnutools/H-i686-pc-cygwin/bin/../lib/gcc/nios2-elf/3.4.6/mno-hw-mul/libgcc.a(_thenan_df.o)
                0x00096d98                __thenan_df
 .rodata        0x00096dac      0x100 /cygdrive/c/altera/12.0/nios2eds/bin/nios2-gnutools/H-i686-pc-cygwin/bin/../lib/gcc/nios2-elf/3.4.6/mno-hw-mul/libgcc.a(_clz.o)
                0x00096dac                __clz_tab
 .rodata        0x00096eac        0xc ../experiment2_bsp//libucosii_bsp.a(alt_dev.o)
 .rodata        0x00096eb8       0x14 ../experiment2_bsp//libucosii_bsp.a(alt_main.o)
 .rodata        0x00096ecc      0x120 ../experiment2_bsp//libucosii_bsp.a(os_core.o)
                0x00096ecc                OSUnMapTbl
 .rodata        0x00096fec       0x2c ../experiment2_bsp//libucosii_bsp.a(alt_sys_init.o)
 .rodata        0x00097018        0x4 ../experiment2_bsp//libucosii_bsp.a(os_cpu_c.o)
 *(.rodata1)
                0x0009701c                . = ALIGN (0x4)
                0x0009701c                PROVIDE (__ram_rodata_end, <code 336> (.))
                0x00095f98                PROVIDE (__flash_rodata_start, LOADADDR (.rodata))

.rwdata         0x0009701c     0x1ae4 load address 0x00098b00
                0x0009701c                PROVIDE (__ram_rwdata_start, <code 336> (.))
                0x0009701c                . = ALIGN (0x4)
 *(.got.plt)
 *(.got)
 *(.data1)
 *(.data .data.* .gnu.linkonce.d.*)
 .data          0x0009701c      0x37c /cygdrive/c/altera/12.0/nios2eds/bin/nios2-gnutools/H-i686-pc-cygwin/bin/../lib/gcc/nios2-elf/3.4.6/../../../../nios2-elf/lib/mno-hw-mul/libc.a(impure.o)
 .data          0x00097398        0xc /cygdrive/c/altera/12.0/nios2eds/bin/nios2-gnutools/H-i686-pc-cygwin/bin/../lib/gcc/nios2-elf/3.4.6/../../../../nios2-elf/lib/mno-hw-mul/libc.a(locale.o)
                0x00097398                __lc_ctype
 .data          0x000973a4      0x430 /cygdrive/c/altera/12.0/nios2eds/bin/nios2-gnutools/H-i686-pc-cygwin/bin/../lib/gcc/nios2-elf/3.4.6/../../../../nios2-elf/lib/mno-hw-mul/libc.a(mallocr.o)
                0x000973a4                __malloc_current_mallinfo
                0x000973cc                __malloc_av_
 .data          0x000977d4      0x1a8 ../experiment2_bsp//libucosii_bsp.a(alt_dev.o)
                0x000977fc                alt_fd_list
                0x000977d4                alt_dev_null
 .data          0x0009797c     0x1098 ../experiment2_bsp//libucosii_bsp.a(alt_sys_init.o)
                0x000a0a14                _gp = <code 336> ((. + 0x8000))
                0x000a0a14                PROVIDE (gp, _gp)
 *(.rwdata .rwdata.*)
 *(.sdata .sdata.* .gnu.linkonce.s.*)
 .sdata         0x00098a14        0x4 obj/default/tasks.o
                0x00098a14                performance_name
 .sdata         0x00098a18        0x4 /cygdrive/c/altera/12.0/nios2eds/bin/nios2-gnutools/H-i686-pc-cygwin/bin/../lib/gcc/nios2-elf/3.4.6/../../../../nios2-elf/lib/mno-hw-mul/libc.a(impure.o)
                0x00098a18                _impure_ptr
 .sdata         0x00098a1c       0x14 /cygdrive/c/altera/12.0/nios2eds/bin/nios2-gnutools/H-i686-pc-cygwin/bin/../lib/gcc/nios2-elf/3.4.6/../../../../nios2-elf/lib/mno-hw-mul/libc.a(locale.o)
                0x00098a28                __mb_cur_max
                0x00098a24                __nlocale_changed
                0x00098a20                __mlocale_changed
                0x00098a1c                _PathLocale
 .sdata         0x00098a30       0x14 /cygdrive/c/altera/12.0/nios2eds/bin/nios2-gnutools/H-i686-pc-cygwin/bin/../lib/gcc/nios2-elf/3.4.6/../../../../nios2-elf/lib/mno-hw-mul/libc.a(mallocr.o)
                0x00098a3c                __malloc_top_pad
                0x00098a34                __malloc_max_sbrked_mem
                0x00098a38                __malloc_sbrk_base
                0x00098a30                __malloc_max_total_mem
                0x00098a40                __malloc_trim_threshold
 .sdata         0x00098a44       0x14 ../experiment2_bsp//libucosii_bsp.a(alt_dev.o)
                0x00098a54                alt_max_fd
                0x00098a4c                alt_dev_list
                0x00098a44                alt_fs_list
 .sdata         0x00098a58        0x4 ../experiment2_bsp//libucosii_bsp.a(alt_errno.o)
                0x00098a58                alt_errno
 .sdata         0x00098a5c        0x8 ../experiment2_bsp//libucosii_bsp.a(alt_irq_vars.o)
                0x00098a5c                alt_irq_active
                0x00098a60                alt_priority_mask
 .sdata         0x00098a64        0xc ../experiment2_bsp//libucosii_bsp.a(alt_main.o)
                0x00098a68                alt_argv
                0x00098a6c                alt_envp
                0x00098a64                alt_argc
 .sdata         0x00098a70        0x4 ../experiment2_bsp//libucosii_bsp.a(alt_sbrk.o)
 .sdata         0x00098a74        0x4 ../experiment2_bsp//libucosii_bsp.a(alt_env_lock.o)
 .sdata         0x00098a78        0x4 ../experiment2_bsp//libucosii_bsp.a(alt_malloc_lock.o)
 .sdata         0x00098a7c       0x74 ../experiment2_bsp//libucosii_bsp.a(os_dbg.o)
                0x00098ac6                OSTaskNameSize
                0x00098a9e                OSMboxEn
                0x00098aae                OSQEn
                0x00098aec                OSDataSize
                0x00098ae4                OSTmrSize
                0x00098aea                OSTmrWheelTblSize
                0x00098a8a                OSEventSize
                0x00098aca                OSTaskStatStkSize
                0x00098ab4                OSRdyTblSize
                0x00098a98                OSFlagMax
                0x00098ad2                OSTCBSize
                0x00098ab8                OSStkWidth
                0x00098aac                OSPtrSize
                0x00098a8c                OSEventTblSize
                0x00098ab0                OSQMax
                0x00098a90                OSFlagEn
                0x00098ad6                OSTimeTickHookEn
                0x00098a9a                OSFlagNameSize
                0x00098ab2                OSQSize
                0x00098a9c                OSLowestPrio
                0x00098ae2                OSTmrCfgTicksPerSec
                0x00098a84                OSEventEn
                0x00098ade                OSTmrCfgNameSize
                0x00098ac0                OSTaskIdleStkSize
                0x00098ad4                OSTicksPerSec
                0x00098ad8                OSVersionNbr
                0x00098a80                OSEndiannessTest
                0x00098a92                OSFlagGrpSize
                0x00098a86                OSEventMax
                0x00098abc                OSTaskCreateExtEn
                0x00098ab6                OSSemEn
                0x00098ac8                OSTaskStatEn
                0x00098aa2                OSMemMax
                0x00098a7c                OSDebugEn
                0x00098a94                OSFlagNodeSize
                0x00098adc                OSTmrCfgMax
                0x00098ac4                OSTaskMax
                0x00098ae8                OSTmrWheelSize
                0x00098abe                OSTaskDelEn
                0x00098a8e                OSEventMultiEn
                0x00098ada                OSTmrEn
                0x00098aa4                OSMemNameSize
                0x00098ad0                OSTCBPrioTblMax
                0x00098acc                OSTaskStatStkChkEn
                0x00098aa0                OSMemEn
                0x00098aaa                OSMutexEn
                0x00098aa6                OSMemSize
                0x00098aa8                OSMemTblSize
                0x00098ac2                OSTaskProfileEn
                0x00098a88                OSEventNameSize
                0x00098ace                OSTaskSwHookEn
                0x00098a96                OSFlagWidth
                0x00098ae0                OSTmrCfgWheelSize
                0x00098aba                OSTaskCreateEn
                0x00098ae6                OSTmrTblSize
 .sdata         0x00098af0       0x10 ../experiment2_bsp//libucosii_bsp.a(alt_tick.o)
                0x00098af0                _alt_tick_rate
                0x00098af4                _alt_nticks
                0x00098af8                alt_alarm_list
 *(.sdata2 .sdata2.* .gnu.linkonce.s2.*)
                0x00098b00                . = ALIGN (0x4)
                0x00098b00                _edata = <code 336> (.)
                0x00098b00                PROVIDE (edata, <code 336> (.))
                0x00098b00                PROVIDE (__ram_rwdata_end, <code 336> (.))
                0x00098b00                PROVIDE (__flash_rwdata_start, LOADADDR (.rwdata))

.bss            0x0009a5e4     0xb5e8 load address 0x0009a5e4
                0x0009a5e4                __bss_start = <code 336> (.)
                0x0009a5e4                PROVIDE (__sbss_start, <code 336> (.))
                0x0009a5e4                PROVIDE (___sbss_start, <code 336> (.))
 *(.dynsbss)
 *(.sbss .sbss.* .gnu.linkonce.sb.*)
 .sbss          0x0009a5e4        0x4 /cygdrive/c/altera/12.0/nios2eds/bin/nios2-gnutools/H-i686-pc-cygwin/bin/../lib/gcc/nios2-elf/3.4.6/../../../../nios2-elf/lib/mno-hw-mul/libc.a(int_errno.o)
                0x0009a5e4                errno
 .sbss          0x0009a5e8        0x4 ../experiment2_bsp//libucosii_bsp.a(alt_dev.o)
                0x0009a5e8                alt_fd_list_lock
 .sbss          0x0009a5ec        0x8 ../experiment2_bsp//libucosii_bsp.a(alt_env_lock.o)
                0x0009a5ec                alt_envsem
 .sbss          0x0009a5f4        0x8 ../experiment2_bsp//libucosii_bsp.a(alt_malloc_lock.o)
                0x0009a5f4                alt_heapsem
 .sbss          0x0009a5fc       0x48 ../experiment2_bsp//libucosii_bsp.a(os_core.o)
                0x0009a616                OSLockNesting
                0x0009a61d                OSRunning
                0x0009a620                OSIdleCtr
                0x0009a618                OSPrioHighRdy
                0x0009a617                OSPrioCur
                0x0009a630                OSTCBList
                0x0009a634                OSTickStepState
                0x0009a5fc                OSCtxSwCtr
                0x0009a60c                OSIdleCtrMax
                0x0009a628                OSTCBFreeList
                0x0009a608                OSCPUUsage
                0x0009a61e                OSTaskCtr
                0x0009a638                OSMemFreeList
                0x0009a62c                OSTCBHighRdy
                0x0009a63c                OSQFreeList
                0x0009a619                OSRdyGrp
                0x0009a61a                OSRdyTbl
                0x0009a600                OSEventFreeList
                0x0009a615                OSIntNesting
                0x0009a624                OSTCBCur
                0x0009a640                OSTime
                0x0009a604                OSFlagFreeList
                0x0009a614                OSStatRdy
                0x0009a610                OSIdleCtrRun
 .sbss          0x0009a644        0x4 /cygdrive/c/altera/12.0/nios2eds/bin/nios2-gnutools/H-i686-pc-cygwin/bin/../lib/gcc/nios2-elf/3.4.6/../../../../nios2-elf/lib/mno-hw-mul/libc.a(atexit.o)
 *(.sbss2 .sbss2.* .gnu.linkonce.sb2.*)
 *(.scommon)
                0x0009a648                PROVIDE (__sbss_end, <code 336> (.))
                0x0009a648                PROVIDE (___sbss_end, <code 336> (.))
 *(.dynbss)
 *(.bss .bss.* .gnu.linkonce.b.*)
 *(COMMON)
 COMMON         0x0009a648     0x8154 obj/default/tasks.o
                                  0x0 (size before relaxing)
                0x0009a648                custom_scheduler_stk
                0x0009c648                periodic_task_stk
                0x000a0648                PBSemaphore
                0x000a0658                custom_scheduler_tcb
                0x000a06c4                periodic_task_tcb
                0x000a079c                initialize_task_stk
 COMMON         0x000a279c     0x3224 ../experiment2_bsp//libucosii_bsp.a(os_core.o)
                                  0x0 (size before relaxing)
                0x000a279c                OSFlagTbl
                0x000a2b0c                OSMemTbl
                0x000a373c                OSTaskStatStk
                0x000a3f3c                OSQTbl
                0x000a411c                OSTaskIdleStk
                0x000a491c                OSEventTbl
                0x000a545c                OSTCBTbl
                0x000a596c                OSTCBPrioTbl
 COMMON         0x000a59c0      0x100 ../experiment2_bsp//libucosii_bsp.a(alt_irq_handler.o)
                                  0x0 (size before relaxing)
                0x000a59c0                alt_irq
 COMMON         0x000a5ac0      0x10c /cygdrive/c/altera/12.0/nios2eds/bin/nios2-gnutools/H-i686-pc-cygwin/bin/../lib/gcc/nios2-elf/3.4.6/../../../../nios2-elf/lib/mno-hw-mul/libc.a(atexit.o)
                                  0x0 (size before relaxing)
                0x000a5ac0                _atexit0
                0x000a5bcc                . = ALIGN (0x4)
                0x000a5bcc                __bss_end = <code 336> (.)

.sram_0         0x000a5bcc        0x0 load address 0x000a5bcc
                0x000a5bcc                PROVIDE (_alt_partition_sram_0_start, <code 336> (.))
 *(.sram_0. sram_0.*)
                0x000a5bcc                . = ALIGN (0x4)
                0x000a5bcc                PROVIDE (_alt_partition_sram_0_end, <code 336> (.))
                0x000a5bcc                _end = <code 336> (.)
                0x000a5bcc                end = <code 336> (.)
                0x000a5bcc                __alt_stack_base = <code 336> (.)
                0x000a5bcc                PROVIDE (_alt_partition_sram_0_load_addr, LOADADDR (.sram_0))

.stab
 *(.stab)

.stabstr
 *(.stabstr)

.stab.excl
 *(.stab.excl)

.stab.exclstr
 *(.stab.exclstr)

.stab.index
 *(.stab.index)

.stab.indexstr
 *(.stab.indexstr)

.comment        0x00000000     0x138a
 *(.comment)
 .comment       0x00000000       0x29 obj/default/PB_button.o
 .comment       0x00000029       0x29 obj/default/alt_ucosii_simple_error_check.o
 .comment       0x00000052       0x29 obj/default/experiment2.o
 .comment       0x0000007b       0x29 obj/default/tasks.o
 .comment       0x000000a4       0x29 /cygdrive/c/altera/12.0/nios2eds/bin/nios2-gnutools/H-i686-pc-cygwin/bin/../lib/gcc/nios2-elf/3.4.6/mno-hw-mul/libgcc.a(lib2-divmod.o)
 .comment       0x000000cd       0x29 /cygdrive/c/altera/12.0/nios2eds/bin/nios2-gnutools/H-i686-pc-cygwin/bin/../lib/gcc/nios2-elf/3.4.6/mno-hw-mul/libgcc.a(lib2-mul.o)
 .comment       0x000000f6       0x29 /cygdrive/c/altera/12.0/nios2eds/bin/nios2-gnutools/H-i686-pc-cygwin/bin/../lib/gcc/nios2-elf/3.4.6/../../../../nios2-elf/lib/mno-hw-mul/libc.a(fprintf.o)
 .comment       0x0000011f       0x29 /cygdrive/c/altera/12.0/nios2eds/bin/nios2-gnutools/H-i686-pc-cygwin/bin/../lib/gcc/nios2-elf/3.4.6/../../../../nios2-elf/lib/mno-hw-mul/libc.a(impure.o)
 .comment       0x00000148       0x29 /cygdrive/c/altera/12.0/nios2eds/bin/nios2-gnutools/H-i686-pc-cygwin/bin/../lib/gcc/nios2-elf/3.4.6/../../../../nios2-elf/lib/mno-hw-mul/libc.a(printf.o)
 .comment       0x00000171       0x29 /cygdrive/c/altera/12.0/nios2eds/bin/nios2-gnutools/H-i686-pc-cygwin/bin/../lib/gcc/nios2-elf/3.4.6/../../../../nios2-elf/lib/mno-hw-mul/libc.a(rand.o)
 .comment       0x0000019a       0x29 /cygdrive/c/altera/12.0/nios2eds/bin/nios2-gnutools/H-i686-pc-cygwin/bin/../lib/gcc/nios2-elf/3.4.6/../../../../nios2-elf/lib/mno-hw-mul/libc.a(vfprintf1.o)
 .comment       0x000001c3       0x29 /cygdrive/c/altera/12.0/nios2eds/bin/nios2-gnutools/H-i686-pc-cygwin/bin/../lib/gcc/nios2-elf/3.4.6/../../../../nios2-elf/lib/mno-hw-mul/libc.a(wcrtomb.o)
 .comment       0x000001ec       0x29 /cygdrive/c/altera/12.0/nios2eds/bin/nios2-gnutools/H-i686-pc-cygwin/bin/../lib/gcc/nios2-elf/3.4.6/../../../../nios2-elf/lib/mno-hw-mul/libc.a(wcsrtombs.o)
 .comment       0x00000215       0x29 /cygdrive/c/altera/12.0/nios2eds/bin/nios2-gnutools/H-i686-pc-cygwin/bin/../lib/gcc/nios2-elf/3.4.6/../../../../nios2-elf/lib/mno-hw-mul/libc.a(wctomb_r.o)
 .comment       0x0000023e       0x29 /cygdrive/c/altera/12.0/nios2eds/bin/nios2-gnutools/H-i686-pc-cygwin/bin/../lib/gcc/nios2-elf/3.4.6/../../../../nios2-elf/lib/mno-hw-mul/libc.a(wsetup.o)
 .comment       0x00000267       0x29 /cygdrive/c/altera/12.0/nios2eds/bin/nios2-gnutools/H-i686-pc-cygwin/bin/../lib/gcc/nios2-elf/3.4.6/../../../../nios2-elf/lib/mno-hw-mul/libc.a(dtoa.o)
 .comment       0x00000290       0x29 /cygdrive/c/altera/12.0/nios2eds/bin/nios2-gnutools/H-i686-pc-cygwin/bin/../lib/gcc/nios2-elf/3.4.6/../../../../nios2-elf/lib/mno-hw-mul/libc.a(fflush.o)
 .comment       0x000002b9       0x29 /cygdrive/c/altera/12.0/nios2eds/bin/nios2-gnutools/H-i686-pc-cygwin/bin/../lib/gcc/nios2-elf/3.4.6/../../../../nios2-elf/lib/mno-hw-mul/libc.a(findfp.o)
 .comment       0x000002e2       0x29 /cygdrive/c/altera/12.0/nios2eds/bin/nios2-gnutools/H-i686-pc-cygwin/bin/../lib/gcc/nios2-elf/3.4.6/../../../../nios2-elf/lib/mno-hw-mul/libc.a(freer.o)
 .comment       0x0000030b       0x29 /cygdrive/c/altera/12.0/nios2eds/bin/nios2-gnutools/H-i686-pc-cygwin/bin/../lib/gcc/nios2-elf/3.4.6/../../../../nios2-elf/lib/mno-hw-mul/libc.a(fvwrite.o)
 .comment       0x00000334       0x29 /cygdrive/c/altera/12.0/nios2eds/bin/nios2-gnutools/H-i686-pc-cygwin/bin/../lib/gcc/nios2-elf/3.4.6/../../../../nios2-elf/lib/mno-hw-mul/libc.a(fwalk.o)
 .comment       0x0000035d       0x29 /cygdrive/c/altera/12.0/nios2eds/bin/nios2-gnutools/H-i686-pc-cygwin/bin/../lib/gcc/nios2-elf/3.4.6/../../../../nios2-elf/lib/mno-hw-mul/libc.a(locale.o)
 .comment       0x00000386       0x29 /cygdrive/c/altera/12.0/nios2eds/bin/nios2-gnutools/H-i686-pc-cygwin/bin/../lib/gcc/nios2-elf/3.4.6/../../../../nios2-elf/lib/mno-hw-mul/libc.a(makebuf.o)
 .comment       0x000003af       0x29 /cygdrive/c/altera/12.0/nios2eds/bin/nios2-gnutools/H-i686-pc-cygwin/bin/../lib/gcc/nios2-elf/3.4.6/../../../../nios2-elf/lib/mno-hw-mul/libc.a(malloc.o)
 .comment       0x000003d8       0x29 /cygdrive/c/altera/12.0/nios2eds/bin/nios2-gnutools/H-i686-pc-cygwin/bin/../lib/gcc/nios2-elf/3.4.6/../../../../nios2-elf/lib/mno-hw-mul/libc.a(mallocr.o)
 .comment       0x00000401       0x29 /cygdrive/c/altera/12.0/nios2eds/bin/nios2-gnutools/H-i686-pc-cygwin/bin/../lib/gcc/nios2-elf/3.4.6/../../../../nios2-elf/lib/mno-hw-mul/libc.a(memchr.o)
 .comment       0x0000042a       0x29 /cygdrive/c/altera/12.0/nios2eds/bin/nios2-gnutools/H-i686-pc-cygwin/bin/../lib/gcc/nios2-elf/3.4.6/../../../../nios2-elf/lib/mno-hw-mul/libc.a(memcpy.o)
 .comment       0x00000453       0x29 /cygdrive/c/altera/12.0/nios2eds/bin/nios2-gnutools/H-i686-pc-cygwin/bin/../lib/gcc/nios2-elf/3.4.6/../../../../nios2-elf/lib/mno-hw-mul/libc.a(memmove.o)
 .comment       0x0000047c       0x29 /cygdrive/c/altera/12.0/nios2eds/bin/nios2-gnutools/H-i686-pc-cygwin/bin/../lib/gcc/nios2-elf/3.4.6/../../../../nios2-elf/lib/mno-hw-mul/libc.a(memset.o)
 .comment       0x000004a5       0x29 /cygdrive/c/altera/12.0/nios2eds/bin/nios2-gnutools/H-i686-pc-cygwin/bin/../lib/gcc/nios2-elf/3.4.6/../../../../nios2-elf/lib/mno-hw-mul/libc.a(mprec.o)
 .comment       0x000004ce       0x29 /cygdrive/c/altera/12.0/nios2eds/bin/nios2-gnutools/H-i686-pc-cygwin/bin/../lib/gcc/nios2-elf/3.4.6/../../../../nios2-elf/lib/mno-hw-mul/libc.a(reallocr.o)
 .comment       0x000004f7       0x29 /cygdrive/c/altera/12.0/nios2eds/bin/nios2-gnutools/H-i686-pc-cygwin/bin/../lib/gcc/nios2-elf/3.4.6/../../../../nios2-elf/lib/mno-hw-mul/libc.a(s_isinf.o)
 .comment       0x00000520       0x29 /cygdrive/c/altera/12.0/nios2eds/bin/nios2-gnutools/H-i686-pc-cygwin/bin/../lib/gcc/nios2-elf/3.4.6/../../../../nios2-elf/lib/mno-hw-mul/libc.a(s_isnan.o)
 .comment       0x00000549       0x29 /cygdrive/c/altera/12.0/nios2eds/bin/nios2-gnutools/H-i686-pc-cygwin/bin/../lib/gcc/nios2-elf/3.4.6/../../../../nios2-elf/lib/mno-hw-mul/libc.a(sbrkr.o)
 .comment       0x00000572       0x29 /cygdrive/c/altera/12.0/nios2eds/bin/nios2-gnutools/H-i686-pc-cygwin/bin/../lib/gcc/nios2-elf/3.4.6/../../../../nios2-elf/lib/mno-hw-mul/libc.a(stdio.o)
 .comment       0x0000059b       0x29 /cygdrive/c/altera/12.0/nios2eds/bin/nios2-gnutools/H-i686-pc-cygwin/bin/../lib/gcc/nios2-elf/3.4.6/../../../../nios2-elf/lib/mno-hw-mul/libc.a(strcmp.o)
 .comment       0x000005c4       0x29 /cygdrive/c/altera/12.0/nios2eds/bin/nios2-gnutools/H-i686-pc-cygwin/bin/../lib/gcc/nios2-elf/3.4.6/../../../../nios2-elf/lib/mno-hw-mul/libc.a(strlen.o)
 .comment       0x000005ed       0x29 /cygdrive/c/altera/12.0/nios2eds/bin/nios2-gnutools/H-i686-pc-cygwin/bin/../lib/gcc/nios2-elf/3.4.6/../../../../nios2-elf/lib/mno-hw-mul/libc.a(writer.o)
 .comment       0x00000616       0x29 /cygdrive/c/altera/12.0/nios2eds/bin/nios2-gnutools/H-i686-pc-cygwin/bin/../lib/gcc/nios2-elf/3.4.6/../../../../nios2-elf/lib/mno-hw-mul/libc.a(callocr.o)
 .comment       0x0000063f       0x29 /cygdrive/c/altera/12.0/nios2eds/bin/nios2-gnutools/H-i686-pc-cygwin/bin/../lib/gcc/nios2-elf/3.4.6/../../../../nios2-elf/lib/mno-hw-mul/libc.a(closer.o)
 .comment       0x00000668       0x29 /cygdrive/c/altera/12.0/nios2eds/bin/nios2-gnutools/H-i686-pc-cygwin/bin/../lib/gcc/nios2-elf/3.4.6/../../../../nios2-elf/lib/mno-hw-mul/libc.a(fstatr.o)
 .comment       0x00000691       0x29 /cygdrive/c/altera/12.0/nios2eds/bin/nios2-gnutools/H-i686-pc-cygwin/bin/../lib/gcc/nios2-elf/3.4.6/../../../../nios2-elf/lib/mno-hw-mul/libc.a(int_errno.o)
 .comment       0x000006ba       0x29 /cygdrive/c/altera/12.0/nios2eds/bin/nios2-gnutools/H-i686-pc-cygwin/bin/../lib/gcc/nios2-elf/3.4.6/../../../../nios2-elf/lib/mno-hw-mul/libc.a(lseekr.o)
 .comment       0x000006e3       0x29 /cygdrive/c/altera/12.0/nios2eds/bin/nios2-gnutools/H-i686-pc-cygwin/bin/../lib/gcc/nios2-elf/3.4.6/../../../../nios2-elf/lib/mno-hw-mul/libc.a(readr.o)
 .comment       0x0000070c       0x29 /cygdrive/c/altera/12.0/nios2eds/bin/nios2-gnutools/H-i686-pc-cygwin/bin/../lib/gcc/nios2-elf/3.4.6/mno-hw-mul/libgcc.a(_muldi3.o)
 .comment       0x00000735       0x29 /cygdrive/c/altera/12.0/nios2eds/bin/nios2-gnutools/H-i686-pc-cygwin/bin/../lib/gcc/nios2-elf/3.4.6/mno-hw-mul/libgcc.a(_negdi2.o)
 .comment       0x0000075e       0x29 /cygdrive/c/altera/12.0/nios2eds/bin/nios2-gnutools/H-i686-pc-cygwin/bin/../lib/gcc/nios2-elf/3.4.6/mno-hw-mul/libgcc.a(_udivdi3.o)
 .comment       0x00000787       0x29 /cygdrive/c/altera/12.0/nios2eds/bin/nios2-gnutools/H-i686-pc-cygwin/bin/../lib/gcc/nios2-elf/3.4.6/mno-hw-mul/libgcc.a(_umoddi3.o)
 .comment       0x000007b0       0x29 /cygdrive/c/altera/12.0/nios2eds/bin/nios2-gnutools/H-i686-pc-cygwin/bin/../lib/gcc/nios2-elf/3.4.6/mno-hw-mul/libgcc.a(_addsub_df.o)
 .comment       0x000007d9       0x29 /cygdrive/c/altera/12.0/nios2eds/bin/nios2-gnutools/H-i686-pc-cygwin/bin/../lib/gcc/nios2-elf/3.4.6/mno-hw-mul/libgcc.a(_mul_df.o)
 .comment       0x00000802       0x29 /cygdrive/c/altera/12.0/nios2eds/bin/nios2-gnutools/H-i686-pc-cygwin/bin/../lib/gcc/nios2-elf/3.4.6/mno-hw-mul/libgcc.a(_div_df.o)
 .comment       0x0000082b       0x29 /cygdrive/c/altera/12.0/nios2eds/bin/nios2-gnutools/H-i686-pc-cygwin/bin/../lib/gcc/nios2-elf/3.4.6/mno-hw-mul/libgcc.a(_eq_df.o)
 .comment       0x00000854       0x29 /cygdrive/c/altera/12.0/nios2eds/bin/nios2-gnutools/H-i686-pc-cygwin/bin/../lib/gcc/nios2-elf/3.4.6/mno-hw-mul/libgcc.a(_ne_df.o)
 .comment       0x0000087d       0x29 /cygdrive/c/altera/12.0/nios2eds/bin/nios2-gnutools/H-i686-pc-cygwin/bin/../lib/gcc/nios2-elf/3.4.6/mno-hw-mul/libgcc.a(_gt_df.o)
 .comment       0x000008a6       0x29 /cygdrive/c/altera/12.0/nios2eds/bin/nios2-gnutools/H-i686-pc-cygwin/bin/../lib/gcc/nios2-elf/3.4.6/mno-hw-mul/libgcc.a(_ge_df.o)
 .comment       0x000008cf       0x29 /cygdrive/c/altera/12.0/nios2eds/bin/nios2-gnutools/H-i686-pc-cygwin/bin/../lib/gcc/nios2-elf/3.4.6/mno-hw-mul/libgcc.a(_lt_df.o)
 .comment       0x000008f8       0x29 /cygdrive/c/altera/12.0/nios2eds/bin/nios2-gnutools/H-i686-pc-cygwin/bin/../lib/gcc/nios2-elf/3.4.6/mno-hw-mul/libgcc.a(_si_to_df.o)
 .comment       0x00000921       0x29 /cygdrive/c/altera/12.0/nios2eds/bin/nios2-gnutools/H-i686-pc-cygwin/bin/../lib/gcc/nios2-elf/3.4.6/mno-hw-mul/libgcc.a(_df_to_si.o)
 .comment       0x0000094a       0x29 /cygdrive/c/altera/12.0/nios2eds/bin/nios2-gnutools/H-i686-pc-cygwin/bin/../lib/gcc/nios2-elf/3.4.6/mno-hw-mul/libgcc.a(_thenan_df.o)
 .comment       0x00000973       0x29 /cygdrive/c/altera/12.0/nios2eds/bin/nios2-gnutools/H-i686-pc-cygwin/bin/../lib/gcc/nios2-elf/3.4.6/mno-hw-mul/libgcc.a(_lshrdi3.o)
 .comment       0x0000099c       0x29 /cygdrive/c/altera/12.0/nios2eds/bin/nios2-gnutools/H-i686-pc-cygwin/bin/../lib/gcc/nios2-elf/3.4.6/mno-hw-mul/libgcc.a(_clz.o)
 .comment       0x000009c5       0x29 /cygdrive/c/altera/12.0/nios2eds/bin/nios2-gnutools/H-i686-pc-cygwin/bin/../lib/gcc/nios2-elf/3.4.6/mno-hw-mul/libgcc.a(_pack_df.o)
 .comment       0x000009ee       0x29 /cygdrive/c/altera/12.0/nios2eds/bin/nios2-gnutools/H-i686-pc-cygwin/bin/../lib/gcc/nios2-elf/3.4.6/mno-hw-mul/libgcc.a(_unpack_df.o)
 .comment       0x00000a17       0x29 /cygdrive/c/altera/12.0/nios2eds/bin/nios2-gnutools/H-i686-pc-cygwin/bin/../lib/gcc/nios2-elf/3.4.6/mno-hw-mul/libgcc.a(_fpcmp_parts_df.o)
 .comment       0x00000a40       0x29 /cygdrive/c/altera/12.0/nios2eds/bin/nios2-gnutools/H-i686-pc-cygwin/bin/../lib/gcc/nios2-elf/3.4.6/mno-hw-mul/libgcc.a(_ashldi3.o)
 .comment       0x00000a69       0x29 ../experiment2_bsp//libucosii_bsp.a(alt_close.o)
 .comment       0x00000a92       0x29 ../experiment2_bsp//libucosii_bsp.a(alt_dev.o)
 .comment       0x00000abb       0x29 ../experiment2_bsp//libucosii_bsp.a(alt_errno.o)
 .comment       0x00000ae4       0x29 ../experiment2_bsp//libucosii_bsp.a(alt_fstat.o)
 .comment       0x00000b0d       0x29 ../experiment2_bsp//libucosii_bsp.a(alt_irq_register.o)
 .comment       0x00000b36       0x29 ../experiment2_bsp//libucosii_bsp.a(alt_irq_vars.o)
 .comment       0x00000b5f       0x29 ../experiment2_bsp//libucosii_bsp.a(alt_isatty.o)
 .comment       0x00000b88       0x29 ../experiment2_bsp//libucosii_bsp.a(alt_load.o)
 .comment       0x00000bb1       0x29 ../experiment2_bsp//libucosii_bsp.a(alt_lseek.o)
 .comment       0x00000bda       0x29 ../experiment2_bsp//libucosii_bsp.a(alt_main.o)
 .comment       0x00000c03       0x29 ../experiment2_bsp//libucosii_bsp.a(alt_printf.o)
 .comment       0x00000c2c       0x29 ../experiment2_bsp//libucosii_bsp.a(alt_putchar.o)
 .comment       0x00000c55       0x29 ../experiment2_bsp//libucosii_bsp.a(alt_read.o)
 .comment       0x00000c7e       0x29 ../experiment2_bsp//libucosii_bsp.a(alt_release_fd.o)
 .comment       0x00000ca7       0x29 ../experiment2_bsp//libucosii_bsp.a(alt_sbrk.o)
 .comment       0x00000cd0       0x29 ../experiment2_bsp//libucosii_bsp.a(alt_write.o)
 .comment       0x00000cf9       0x29 ../experiment2_bsp//libucosii_bsp.a(alt_env_lock.o)
 .comment       0x00000d22       0x29 ../experiment2_bsp//libucosii_bsp.a(alt_malloc_lock.o)
 .comment       0x00000d4b       0x29 ../experiment2_bsp//libucosii_bsp.a(os_core.o)
 .comment       0x00000d74       0x29 ../experiment2_bsp//libucosii_bsp.a(os_dbg.o)
 .comment       0x00000d9d       0x29 ../experiment2_bsp//libucosii_bsp.a(os_flag.o)
 .comment       0x00000dc6       0x29 ../experiment2_bsp//libucosii_bsp.a(os_mem.o)
 .comment       0x00000def       0x29 ../experiment2_bsp//libucosii_bsp.a(os_q.o)
 .comment       0x00000e18       0x29 ../experiment2_bsp//libucosii_bsp.a(os_sem.o)
 .comment       0x00000e41       0x29 ../experiment2_bsp//libucosii_bsp.a(os_task.o)
 .comment       0x00000e6a       0x29 ../experiment2_bsp//libucosii_bsp.a(os_time.o)
 .comment       0x00000e93       0x29 ../experiment2_bsp//libucosii_bsp.a(alt_sys_init.o)
 .comment       0x00000ebc       0x29 ../experiment2_bsp//libucosii_bsp.a(altera_avalon_jtag_uart_fd.o)
 .comment       0x00000ee5       0x29 ../experiment2_bsp//libucosii_bsp.a(altera_avalon_jtag_uart_init.o)
 .comment       0x00000f0e       0x29 ../experiment2_bsp//libucosii_bsp.a(altera_avalon_jtag_uart_ioctl.o)
 .comment       0x00000f37       0x29 ../experiment2_bsp//libucosii_bsp.a(altera_avalon_jtag_uart_read.o)
 .comment       0x00000f60       0x29 ../experiment2_bsp//libucosii_bsp.a(altera_avalon_jtag_uart_write.o)
 .comment       0x00000f89       0x29 ../experiment2_bsp//libucosii_bsp.a(altera_avalon_timer_sc.o)
 .comment       0x00000fb2       0x29 ../experiment2_bsp//libucosii_bsp.a(altera_up_avalon_character_lcd.o)
 .comment       0x00000fdb       0x29 ../experiment2_bsp//libucosii_bsp.a(alt_alarm_start.o)
 .comment       0x00001004       0x29 ../experiment2_bsp//libucosii_bsp.a(alt_dcache_flush_all.o)
 .comment       0x0000102d       0x29 ../experiment2_bsp//libucosii_bsp.a(alt_dev_llist_insert.o)
 .comment       0x00001056       0x29 ../experiment2_bsp//libucosii_bsp.a(alt_do_ctors.o)
 .comment       0x0000107f       0x29 ../experiment2_bsp//libucosii_bsp.a(alt_do_dtors.o)
 .comment       0x000010a8       0x29 ../experiment2_bsp//libucosii_bsp.a(alt_find_dev.o)
 .comment       0x000010d1       0x29 ../experiment2_bsp//libucosii_bsp.a(alt_icache_flush_all.o)
 .comment       0x000010fa       0x29 ../experiment2_bsp//libucosii_bsp.a(alt_iic.o)
 .comment       0x00001123       0x29 ../experiment2_bsp//libucosii_bsp.a(alt_iic_isr_register.o)
 .comment       0x0000114c       0x29 ../experiment2_bsp//libucosii_bsp.a(alt_io_redirect.o)
 .comment       0x00001175       0x29 ../experiment2_bsp//libucosii_bsp.a(alt_irq_handler.o)
 .comment       0x0000119e       0x29 ../experiment2_bsp//libucosii_bsp.a(alt_open.o)
 .comment       0x000011c7       0x29 ../experiment2_bsp//libucosii_bsp.a(alt_tick.o)
 .comment       0x000011f0       0x29 ../experiment2_bsp//libucosii_bsp.a(altera_nios2_qsys_irq.o)
 .comment       0x00001219       0x29 ../experiment2_bsp//libucosii_bsp.a(os_cpu_c.o)
 .comment       0x00001242       0x29 ../experiment2_bsp//libucosii_bsp.a(alt_find_file.o)
 .comment       0x0000126b       0x29 ../experiment2_bsp//libucosii_bsp.a(alt_get_fd.o)
 .comment       0x00001294       0x29 /cygdrive/c/altera/12.0/nios2eds/bin/nios2-gnutools/H-i686-pc-cygwin/bin/../lib/gcc/nios2-elf/3.4.6/../../../../nios2-elf/lib/mno-hw-mul/libc.a(atexit.o)
 .comment       0x000012bd       0x29 /cygdrive/c/altera/12.0/nios2eds/bin/nios2-gnutools/H-i686-pc-cygwin/bin/../lib/gcc/nios2-elf/3.4.6/../../../../nios2-elf/lib/mno-hw-mul/libc.a(exit.o)
 .comment       0x000012e6       0x29 /cygdrive/c/altera/12.0/nios2eds/bin/nios2-gnutools/H-i686-pc-cygwin/bin/../lib/gcc/nios2-elf/3.4.6/../../../../nios2-elf/lib/mno-hw-mul/libc.a(memcmp.o)
 .comment       0x0000130f       0x29 /cygdrive/c/altera/12.0/nios2eds/bin/nios2-gnutools/H-i686-pc-cygwin/bin/../lib/gcc/nios2-elf/3.4.6/../../../../nios2-elf/lib/mno-hw-mul/libc.a(putc.o)
 .comment       0x00001338       0x29 /cygdrive/c/altera/12.0/nios2eds/bin/nios2-gnutools/H-i686-pc-cygwin/bin/../lib/gcc/nios2-elf/3.4.6/../../../../nios2-elf/lib/mno-hw-mul/libc.a(wbuf.o)
 .comment       0x00001361       0x29 ../experiment2_bsp//libucosii_bsp.a(alt_exit.o)

.debug
 *(.debug)

.line
 *(.line)

.debug_srcinfo
 *(.debug_srcinfo)

.debug_sfnames
 *(.debug_sfnames)

.debug_aranges  0x00000000      0xf38
 *(.debug_aranges)
 .debug_aranges
                0x00000000       0x28 ../experiment2_bsp//obj/HAL/src/crt0.o
 .debug_aranges
                0x00000028       0x20 obj/default/PB_button.o
 .debug_aranges
                0x00000048       0x20 obj/default/alt_ucosii_simple_error_check.o
 .debug_aranges
                0x00000068       0x20 obj/default/experiment2.o
 .debug_aranges
                0x00000088       0x20 obj/default/tasks.o
 .debug_aranges
                0x000000a8       0x20 /cygdrive/c/altera/12.0/nios2eds/bin/nios2-gnutools/H-i686-pc-cygwin/bin/../lib/gcc/nios2-elf/3.4.6/mno-hw-mul/libgcc.a(lib2-divmod.o)
 .debug_aranges
                0x000000c8       0x20 /cygdrive/c/altera/12.0/nios2eds/bin/nios2-gnutools/H-i686-pc-cygwin/bin/../lib/gcc/nios2-elf/3.4.6/mno-hw-mul/libgcc.a(lib2-mul.o)
 .debug_aranges
                0x000000e8       0x20 /cygdrive/c/altera/12.0/nios2eds/bin/nios2-gnutools/H-i686-pc-cygwin/bin/../lib/gcc/nios2-elf/3.4.6/../../../../nios2-elf/lib/mno-hw-mul/libc.a(fprintf.o)
 .debug_aranges
                0x00000108       0x20 /cygdrive/c/altera/12.0/nios2eds/bin/nios2-gnutools/H-i686-pc-cygwin/bin/../lib/gcc/nios2-elf/3.4.6/../../../../nios2-elf/lib/mno-hw-mul/libc.a(printf.o)
 .debug_aranges
                0x00000128       0x20 /cygdrive/c/altera/12.0/nios2eds/bin/nios2-gnutools/H-i686-pc-cygwin/bin/../lib/gcc/nios2-elf/3.4.6/../../../../nios2-elf/lib/mno-hw-mul/libc.a(rand.o)
 .debug_aranges
                0x00000148       0x20 /cygdrive/c/altera/12.0/nios2eds/bin/nios2-gnutools/H-i686-pc-cygwin/bin/../lib/gcc/nios2-elf/3.4.6/../../../../nios2-elf/lib/mno-hw-mul/libc.a(vfprintf1.o)
 .debug_aranges
                0x00000168       0x20 /cygdrive/c/altera/12.0/nios2eds/bin/nios2-gnutools/H-i686-pc-cygwin/bin/../lib/gcc/nios2-elf/3.4.6/../../../../nios2-elf/lib/mno-hw-mul/libc.a(wcrtomb.o)
 .debug_aranges
                0x00000188       0x20 /cygdrive/c/altera/12.0/nios2eds/bin/nios2-gnutools/H-i686-pc-cygwin/bin/../lib/gcc/nios2-elf/3.4.6/../../../../nios2-elf/lib/mno-hw-mul/libc.a(wcsrtombs.o)
 .debug_aranges
                0x000001a8       0x20 /cygdrive/c/altera/12.0/nios2eds/bin/nios2-gnutools/H-i686-pc-cygwin/bin/../lib/gcc/nios2-elf/3.4.6/../../../../nios2-elf/lib/mno-hw-mul/libc.a(wctomb_r.o)
 .debug_aranges
                0x000001c8       0x20 /cygdrive/c/altera/12.0/nios2eds/bin/nios2-gnutools/H-i686-pc-cygwin/bin/../lib/gcc/nios2-elf/3.4.6/../../../../nios2-elf/lib/mno-hw-mul/libc.a(wsetup.o)
 .debug_aranges
                0x000001e8       0x20 /cygdrive/c/altera/12.0/nios2eds/bin/nios2-gnutools/H-i686-pc-cygwin/bin/../lib/gcc/nios2-elf/3.4.6/../../../../nios2-elf/lib/mno-hw-mul/libc.a(dtoa.o)
 .debug_aranges
                0x00000208       0x20 /cygdrive/c/altera/12.0/nios2eds/bin/nios2-gnutools/H-i686-pc-cygwin/bin/../lib/gcc/nios2-elf/3.4.6/../../../../nios2-elf/lib/mno-hw-mul/libc.a(fflush.o)
 .debug_aranges
                0x00000228       0x20 /cygdrive/c/altera/12.0/nios2eds/bin/nios2-gnutools/H-i686-pc-cygwin/bin/../lib/gcc/nios2-elf/3.4.6/../../../../nios2-elf/lib/mno-hw-mul/libc.a(findfp.o)
 .debug_aranges
                0x00000248       0x20 /cygdrive/c/altera/12.0/nios2eds/bin/nios2-gnutools/H-i686-pc-cygwin/bin/../lib/gcc/nios2-elf/3.4.6/../../../../nios2-elf/lib/mno-hw-mul/libc.a(freer.o)
 .debug_aranges
                0x00000268       0x20 /cygdrive/c/altera/12.0/nios2eds/bin/nios2-gnutools/H-i686-pc-cygwin/bin/../lib/gcc/nios2-elf/3.4.6/../../../../nios2-elf/lib/mno-hw-mul/libc.a(fvwrite.o)
 .debug_aranges
                0x00000288       0x20 /cygdrive/c/altera/12.0/nios2eds/bin/nios2-gnutools/H-i686-pc-cygwin/bin/../lib/gcc/nios2-elf/3.4.6/../../../../nios2-elf/lib/mno-hw-mul/libc.a(fwalk.o)
 .debug_aranges
                0x000002a8       0x20 /cygdrive/c/altera/12.0/nios2eds/bin/nios2-gnutools/H-i686-pc-cygwin/bin/../lib/gcc/nios2-elf/3.4.6/../../../../nios2-elf/lib/mno-hw-mul/libc.a(locale.o)
 .debug_aranges
                0x000002c8       0x20 /cygdrive/c/altera/12.0/nios2eds/bin/nios2-gnutools/H-i686-pc-cygwin/bin/../lib/gcc/nios2-elf/3.4.6/../../../../nios2-elf/lib/mno-hw-mul/libc.a(makebuf.o)
 .debug_aranges
                0x000002e8       0x20 /cygdrive/c/altera/12.0/nios2eds/bin/nios2-gnutools/H-i686-pc-cygwin/bin/../lib/gcc/nios2-elf/3.4.6/../../../../nios2-elf/lib/mno-hw-mul/libc.a(malloc.o)
 .debug_aranges
                0x00000308       0x20 /cygdrive/c/altera/12.0/nios2eds/bin/nios2-gnutools/H-i686-pc-cygwin/bin/../lib/gcc/nios2-elf/3.4.6/../../../../nios2-elf/lib/mno-hw-mul/libc.a(mallocr.o)
 .debug_aranges
                0x00000328       0x20 /cygdrive/c/altera/12.0/nios2eds/bin/nios2-gnutools/H-i686-pc-cygwin/bin/../lib/gcc/nios2-elf/3.4.6/../../../../nios2-elf/lib/mno-hw-mul/libc.a(memchr.o)
 .debug_aranges
                0x00000348       0x20 /cygdrive/c/altera/12.0/nios2eds/bin/nios2-gnutools/H-i686-pc-cygwin/bin/../lib/gcc/nios2-elf/3.4.6/../../../../nios2-elf/lib/mno-hw-mul/libc.a(memcpy.o)
 .debug_aranges
                0x00000368       0x20 /cygdrive/c/altera/12.0/nios2eds/bin/nios2-gnutools/H-i686-pc-cygwin/bin/../lib/gcc/nios2-elf/3.4.6/../../../../nios2-elf/lib/mno-hw-mul/libc.a(memmove.o)
 .debug_aranges
                0x00000388       0x20 /cygdrive/c/altera/12.0/nios2eds/bin/nios2-gnutools/H-i686-pc-cygwin/bin/../lib/gcc/nios2-elf/3.4.6/../../../../nios2-elf/lib/mno-hw-mul/libc.a(memset.o)
 .debug_aranges
                0x000003a8       0x20 /cygdrive/c/altera/12.0/nios2eds/bin/nios2-gnutools/H-i686-pc-cygwin/bin/../lib/gcc/nios2-elf/3.4.6/../../../../nios2-elf/lib/mno-hw-mul/libc.a(mprec.o)
 .debug_aranges
                0x000003c8       0x20 /cygdrive/c/altera/12.0/nios2eds/bin/nios2-gnutools/H-i686-pc-cygwin/bin/../lib/gcc/nios2-elf/3.4.6/../../../../nios2-elf/lib/mno-hw-mul/libc.a(reallocr.o)
 .debug_aranges
                0x000003e8       0x20 /cygdrive/c/altera/12.0/nios2eds/bin/nios2-gnutools/H-i686-pc-cygwin/bin/../lib/gcc/nios2-elf/3.4.6/../../../../nios2-elf/lib/mno-hw-mul/libc.a(s_isinf.o)
 .debug_aranges
                0x00000408       0x20 /cygdrive/c/altera/12.0/nios2eds/bin/nios2-gnutools/H-i686-pc-cygwin/bin/../lib/gcc/nios2-elf/3.4.6/../../../../nios2-elf/lib/mno-hw-mul/libc.a(s_isnan.o)
 .debug_aranges
                0x00000428       0x20 /cygdrive/c/altera/12.0/nios2eds/bin/nios2-gnutools/H-i686-pc-cygwin/bin/../lib/gcc/nios2-elf/3.4.6/../../../../nios2-elf/lib/mno-hw-mul/libc.a(sbrkr.o)
 .debug_aranges
                0x00000448       0x20 /cygdrive/c/altera/12.0/nios2eds/bin/nios2-gnutools/H-i686-pc-cygwin/bin/../lib/gcc/nios2-elf/3.4.6/../../../../nios2-elf/lib/mno-hw-mul/libc.a(stdio.o)
 .debug_aranges
                0x00000468       0x20 /cygdrive/c/altera/12.0/nios2eds/bin/nios2-gnutools/H-i686-pc-cygwin/bin/../lib/gcc/nios2-elf/3.4.6/../../../../nios2-elf/lib/mno-hw-mul/libc.a(strcmp.o)
 .debug_aranges
                0x00000488       0x20 /cygdrive/c/altera/12.0/nios2eds/bin/nios2-gnutools/H-i686-pc-cygwin/bin/../lib/gcc/nios2-elf/3.4.6/../../../../nios2-elf/lib/mno-hw-mul/libc.a(strlen.o)
 .debug_aranges
                0x000004a8       0x20 /cygdrive/c/altera/12.0/nios2eds/bin/nios2-gnutools/H-i686-pc-cygwin/bin/../lib/gcc/nios2-elf/3.4.6/../../../../nios2-elf/lib/mno-hw-mul/libc.a(writer.o)
 .debug_aranges
                0x000004c8       0x20 /cygdrive/c/altera/12.0/nios2eds/bin/nios2-gnutools/H-i686-pc-cygwin/bin/../lib/gcc/nios2-elf/3.4.6/../../../../nios2-elf/lib/mno-hw-mul/libc.a(callocr.o)
 .debug_aranges
                0x000004e8       0x20 /cygdrive/c/altera/12.0/nios2eds/bin/nios2-gnutools/H-i686-pc-cygwin/bin/../lib/gcc/nios2-elf/3.4.6/../../../../nios2-elf/lib/mno-hw-mul/libc.a(closer.o)
 .debug_aranges
                0x00000508       0x20 /cygdrive/c/altera/12.0/nios2eds/bin/nios2-gnutools/H-i686-pc-cygwin/bin/../lib/gcc/nios2-elf/3.4.6/../../../../nios2-elf/lib/mno-hw-mul/libc.a(fstatr.o)
 .debug_aranges
                0x00000528       0x20 /cygdrive/c/altera/12.0/nios2eds/bin/nios2-gnutools/H-i686-pc-cygwin/bin/../lib/gcc/nios2-elf/3.4.6/../../../../nios2-elf/lib/mno-hw-mul/libc.a(lseekr.o)
 .debug_aranges
                0x00000548       0x20 /cygdrive/c/altera/12.0/nios2eds/bin/nios2-gnutools/H-i686-pc-cygwin/bin/../lib/gcc/nios2-elf/3.4.6/../../../../nios2-elf/lib/mno-hw-mul/libc.a(readr.o)
 .debug_aranges
                0x00000568       0x20 /cygdrive/c/altera/12.0/nios2eds/bin/nios2-gnutools/H-i686-pc-cygwin/bin/../lib/gcc/nios2-elf/3.4.6/mno-hw-mul/libgcc.a(_muldi3.o)
 .debug_aranges
                0x00000588       0x20 /cygdrive/c/altera/12.0/nios2eds/bin/nios2-gnutools/H-i686-pc-cygwin/bin/../lib/gcc/nios2-elf/3.4.6/mno-hw-mul/libgcc.a(_negdi2.o)
 .debug_aranges
                0x000005a8       0x20 /cygdrive/c/altera/12.0/nios2eds/bin/nios2-gnutools/H-i686-pc-cygwin/bin/../lib/gcc/nios2-elf/3.4.6/mno-hw-mul/libgcc.a(_udivdi3.o)
 .debug_aranges
                0x000005c8       0x20 /cygdrive/c/altera/12.0/nios2eds/bin/nios2-gnutools/H-i686-pc-cygwin/bin/../lib/gcc/nios2-elf/3.4.6/mno-hw-mul/libgcc.a(_umoddi3.o)
 .debug_aranges
                0x000005e8       0x20 /cygdrive/c/altera/12.0/nios2eds/bin/nios2-gnutools/H-i686-pc-cygwin/bin/../lib/gcc/nios2-elf/3.4.6/mno-hw-mul/libgcc.a(_addsub_df.o)
 .debug_aranges
                0x00000608       0x20 /cygdrive/c/altera/12.0/nios2eds/bin/nios2-gnutools/H-i686-pc-cygwin/bin/../lib/gcc/nios2-elf/3.4.6/mno-hw-mul/libgcc.a(_mul_df.o)
 .debug_aranges
                0x00000628       0x20 /cygdrive/c/altera/12.0/nios2eds/bin/nios2-gnutools/H-i686-pc-cygwin/bin/../lib/gcc/nios2-elf/3.4.6/mno-hw-mul/libgcc.a(_div_df.o)
 .debug_aranges
                0x00000648       0x20 /cygdrive/c/altera/12.0/nios2eds/bin/nios2-gnutools/H-i686-pc-cygwin/bin/../lib/gcc/nios2-elf/3.4.6/mno-hw-mul/libgcc.a(_eq_df.o)
 .debug_aranges
                0x00000668       0x20 /cygdrive/c/altera/12.0/nios2eds/bin/nios2-gnutools/H-i686-pc-cygwin/bin/../lib/gcc/nios2-elf/3.4.6/mno-hw-mul/libgcc.a(_ne_df.o)
 .debug_aranges
                0x00000688       0x20 /cygdrive/c/altera/12.0/nios2eds/bin/nios2-gnutools/H-i686-pc-cygwin/bin/../lib/gcc/nios2-elf/3.4.6/mno-hw-mul/libgcc.a(_gt_df.o)
 .debug_aranges
                0x000006a8       0x20 /cygdrive/c/altera/12.0/nios2eds/bin/nios2-gnutools/H-i686-pc-cygwin/bin/../lib/gcc/nios2-elf/3.4.6/mno-hw-mul/libgcc.a(_ge_df.o)
 .debug_aranges
                0x000006c8       0x20 /cygdrive/c/altera/12.0/nios2eds/bin/nios2-gnutools/H-i686-pc-cygwin/bin/../lib/gcc/nios2-elf/3.4.6/mno-hw-mul/libgcc.a(_lt_df.o)
 .debug_aranges
                0x000006e8       0x20 /cygdrive/c/altera/12.0/nios2eds/bin/nios2-gnutools/H-i686-pc-cygwin/bin/../lib/gcc/nios2-elf/3.4.6/mno-hw-mul/libgcc.a(_si_to_df.o)
 .debug_aranges
                0x00000708       0x20 /cygdrive/c/altera/12.0/nios2eds/bin/nios2-gnutools/H-i686-pc-cygwin/bin/../lib/gcc/nios2-elf/3.4.6/mno-hw-mul/libgcc.a(_df_to_si.o)
 .debug_aranges
                0x00000728       0x20 /cygdrive/c/altera/12.0/nios2eds/bin/nios2-gnutools/H-i686-pc-cygwin/bin/../lib/gcc/nios2-elf/3.4.6/mno-hw-mul/libgcc.a(_lshrdi3.o)
 .debug_aranges
                0x00000748       0x20 /cygdrive/c/altera/12.0/nios2eds/bin/nios2-gnutools/H-i686-pc-cygwin/bin/../lib/gcc/nios2-elf/3.4.6/mno-hw-mul/libgcc.a(_pack_df.o)
 .debug_aranges
                0x00000768       0x20 /cygdrive/c/altera/12.0/nios2eds/bin/nios2-gnutools/H-i686-pc-cygwin/bin/../lib/gcc/nios2-elf/3.4.6/mno-hw-mul/libgcc.a(_unpack_df.o)
 .debug_aranges
                0x00000788       0x20 /cygdrive/c/altera/12.0/nios2eds/bin/nios2-gnutools/H-i686-pc-cygwin/bin/../lib/gcc/nios2-elf/3.4.6/mno-hw-mul/libgcc.a(_fpcmp_parts_df.o)
 .debug_aranges
                0x000007a8       0x20 /cygdrive/c/altera/12.0/nios2eds/bin/nios2-gnutools/H-i686-pc-cygwin/bin/../lib/gcc/nios2-elf/3.4.6/mno-hw-mul/libgcc.a(_ashldi3.o)
 .debug_aranges
                0x000007c8       0x20 ../experiment2_bsp//libucosii_bsp.a(alt_close.o)
 .debug_aranges
                0x000007e8       0x20 ../experiment2_bsp//libucosii_bsp.a(alt_dev.o)
 .debug_aranges
                0x00000808       0x20 ../experiment2_bsp//libucosii_bsp.a(alt_fstat.o)
 .debug_aranges
                0x00000828       0x20 ../experiment2_bsp//libucosii_bsp.a(alt_irq_register.o)
 .debug_aranges
                0x00000848       0x20 ../experiment2_bsp//libucosii_bsp.a(alt_isatty.o)
 .debug_aranges
                0x00000868       0x20 ../experiment2_bsp//libucosii_bsp.a(alt_load.o)
 .debug_aranges
                0x00000888       0x20 ../experiment2_bsp//libucosii_bsp.a(alt_lseek.o)
 .debug_aranges
                0x000008a8       0x20 ../experiment2_bsp//libucosii_bsp.a(alt_main.o)
 .debug_aranges
                0x000008c8       0x20 ../experiment2_bsp//libucosii_bsp.a(alt_printf.o)
 .debug_aranges
                0x000008e8       0x20 ../experiment2_bsp//libucosii_bsp.a(alt_putchar.o)
 .debug_aranges
                0x00000908       0x20 ../experiment2_bsp//libucosii_bsp.a(alt_read.o)
 .debug_aranges
                0x00000928       0x20 ../experiment2_bsp//libucosii_bsp.a(alt_release_fd.o)
 .debug_aranges
                0x00000948       0x20 ../experiment2_bsp//libucosii_bsp.a(alt_sbrk.o)
 .debug_aranges
                0x00000968       0x20 ../experiment2_bsp//libucosii_bsp.a(alt_write.o)
 .debug_aranges
                0x00000988       0x20 ../experiment2_bsp//libucosii_bsp.a(alt_env_lock.o)
 .debug_aranges
                0x000009a8       0x20 ../experiment2_bsp//libucosii_bsp.a(alt_malloc_lock.o)
 .debug_aranges
                0x000009c8       0x20 ../experiment2_bsp//libucosii_bsp.a(os_core.o)
 .debug_aranges
                0x000009e8       0x20 ../experiment2_bsp//libucosii_bsp.a(os_dbg.o)
 .debug_aranges
                0x00000a08       0x20 ../experiment2_bsp//libucosii_bsp.a(os_flag.o)
 .debug_aranges
                0x00000a28       0x20 ../experiment2_bsp//libucosii_bsp.a(os_mem.o)
 .debug_aranges
                0x00000a48       0x20 ../experiment2_bsp//libucosii_bsp.a(os_q.o)
 .debug_aranges
                0x00000a68       0x20 ../experiment2_bsp//libucosii_bsp.a(os_sem.o)
 .debug_aranges
                0x00000a88       0x20 ../experiment2_bsp//libucosii_bsp.a(os_task.o)
 .debug_aranges
                0x00000aa8       0x20 ../experiment2_bsp//libucosii_bsp.a(os_time.o)
 .debug_aranges
                0x00000ac8       0x20 ../experiment2_bsp//libucosii_bsp.a(alt_sys_init.o)
 .debug_aranges
                0x00000ae8       0x20 ../experiment2_bsp//libucosii_bsp.a(altera_avalon_jtag_uart_fd.o)
 .debug_aranges
                0x00000b08       0x20 ../experiment2_bsp//libucosii_bsp.a(altera_avalon_jtag_uart_init.o)
 .debug_aranges
                0x00000b28       0x20 ../experiment2_bsp//libucosii_bsp.a(altera_avalon_jtag_uart_ioctl.o)
 .debug_aranges
                0x00000b48       0x20 ../experiment2_bsp//libucosii_bsp.a(altera_avalon_jtag_uart_read.o)
 .debug_aranges
                0x00000b68       0x20 ../experiment2_bsp//libucosii_bsp.a(altera_avalon_jtag_uart_write.o)
 .debug_aranges
                0x00000b88       0x20 ../experiment2_bsp//libucosii_bsp.a(altera_avalon_timer_sc.o)
 .debug_aranges
                0x00000ba8       0x20 ../experiment2_bsp//libucosii_bsp.a(altera_up_avalon_character_lcd.o)
 .debug_aranges
                0x00000bc8       0x20 ../experiment2_bsp//libucosii_bsp.a(alt_alarm_start.o)
 .debug_aranges
                0x00000be8       0x20 ../experiment2_bsp//libucosii_bsp.a(alt_dcache_flush_all.o)
 .debug_aranges
                0x00000c08       0x20 ../experiment2_bsp//libucosii_bsp.a(alt_dev_llist_insert.o)
 .debug_aranges
                0x00000c28       0x20 ../experiment2_bsp//libucosii_bsp.a(alt_do_ctors.o)
 .debug_aranges
                0x00000c48       0x20 ../experiment2_bsp//libucosii_bsp.a(alt_do_dtors.o)
 .debug_aranges
                0x00000c68       0x20 ../experiment2_bsp//libucosii_bsp.a(alt_find_dev.o)
 .debug_aranges
                0x00000c88       0x20 ../experiment2_bsp//libucosii_bsp.a(alt_icache_flush_all.o)
 .debug_aranges
                0x00000ca8       0x20 ../experiment2_bsp//libucosii_bsp.a(alt_iic.o)
 .debug_aranges
                0x00000cc8       0x20 ../experiment2_bsp//libucosii_bsp.a(alt_iic_isr_register.o)
 .debug_aranges
                0x00000ce8       0x20 ../experiment2_bsp//libucosii_bsp.a(alt_io_redirect.o)
 .debug_aranges
                0x00000d08       0x30 ../experiment2_bsp//libucosii_bsp.a(alt_irq_entry.o)
 .debug_aranges
                0x00000d38       0x28 ../experiment2_bsp//libucosii_bsp.a(alt_irq_handler.o)
 .debug_aranges
                0x00000d60       0x20 ../experiment2_bsp//libucosii_bsp.a(alt_open.o)
 .debug_aranges
                0x00000d80       0x20 ../experiment2_bsp//libucosii_bsp.a(alt_tick.o)
 .debug_aranges
                0x00000da0       0x20 ../experiment2_bsp//libucosii_bsp.a(altera_nios2_qsys_irq.o)
 .debug_aranges
                0x00000dc0       0x20 ../experiment2_bsp//libucosii_bsp.a(os_cpu_a.o)
 .debug_aranges
                0x00000de0       0x20 ../experiment2_bsp//libucosii_bsp.a(os_cpu_c.o)
 .debug_aranges
                0x00000e00       0x38 ../experiment2_bsp//libucosii_bsp.a(alt_exception_entry.o)
 .debug_aranges
                0x00000e38       0x20 ../experiment2_bsp//libucosii_bsp.a(alt_find_file.o)
 .debug_aranges
                0x00000e58       0x20 ../experiment2_bsp//libucosii_bsp.a(alt_get_fd.o)
 .debug_aranges
                0x00000e78       0x20 /cygdrive/c/altera/12.0/nios2eds/bin/nios2-gnutools/H-i686-pc-cygwin/bin/../lib/gcc/nios2-elf/3.4.6/../../../../nios2-elf/lib/mno-hw-mul/libc.a(atexit.o)
 .debug_aranges
                0x00000e98       0x20 /cygdrive/c/altera/12.0/nios2eds/bin/nios2-gnutools/H-i686-pc-cygwin/bin/../lib/gcc/nios2-elf/3.4.6/../../../../nios2-elf/lib/mno-hw-mul/libc.a(exit.o)
 .debug_aranges
                0x00000eb8       0x20 /cygdrive/c/altera/12.0/nios2eds/bin/nios2-gnutools/H-i686-pc-cygwin/bin/../lib/gcc/nios2-elf/3.4.6/../../../../nios2-elf/lib/mno-hw-mul/libc.a(memcmp.o)
 .debug_aranges
                0x00000ed8       0x20 /cygdrive/c/altera/12.0/nios2eds/bin/nios2-gnutools/H-i686-pc-cygwin/bin/../lib/gcc/nios2-elf/3.4.6/../../../../nios2-elf/lib/mno-hw-mul/libc.a(putc.o)
 .debug_aranges
                0x00000ef8       0x20 /cygdrive/c/altera/12.0/nios2eds/bin/nios2-gnutools/H-i686-pc-cygwin/bin/../lib/gcc/nios2-elf/3.4.6/../../../../nios2-elf/lib/mno-hw-mul/libc.a(wbuf.o)
 .debug_aranges
                0x00000f18       0x20 ../experiment2_bsp//libucosii_bsp.a(alt_exit.o)

.debug_pubnames
                0x00000000     0x23b5
 *(.debug_pubnames)
 .debug_pubnames
                0x00000000       0x87 obj/default/PB_button.o
 .debug_pubnames
                0x00000087       0x57 obj/default/alt_ucosii_simple_error_check.o
 .debug_pubnames
                0x000000de       0x5e obj/default/experiment2.o
 .debug_pubnames
                0x0000013c      0x124 obj/default/tasks.o
 .debug_pubnames
                0x00000260       0x48 /cygdrive/c/altera/12.0/nios2eds/bin/nios2-gnutools/H-i686-pc-cygwin/bin/../lib/gcc/nios2-elf/3.4.6/mno-hw-mul/libgcc.a(lib2-divmod.o)
 .debug_pubnames
                0x000002a8       0x1f /cygdrive/c/altera/12.0/nios2eds/bin/nios2-gnutools/H-i686-pc-cygwin/bin/../lib/gcc/nios2-elf/3.4.6/mno-hw-mul/libgcc.a(lib2-mul.o)
 .debug_pubnames
                0x000002c7       0x1e /cygdrive/c/altera/12.0/nios2eds/bin/nios2-gnutools/H-i686-pc-cygwin/bin/../lib/gcc/nios2-elf/3.4.6/../../../../nios2-elf/lib/mno-hw-mul/libc.a(fprintf.o)
 .debug_pubnames
                0x000002e5       0x22 /cygdrive/c/altera/12.0/nios2eds/bin/nios2-gnutools/H-i686-pc-cygwin/bin/../lib/gcc/nios2-elf/3.4.6/../../../../nios2-elf/lib/mno-hw-mul/libc.a(impure.o)
 .debug_pubnames
                0x00000307       0x1d /cygdrive/c/altera/12.0/nios2eds/bin/nios2-gnutools/H-i686-pc-cygwin/bin/../lib/gcc/nios2-elf/3.4.6/../../../../nios2-elf/lib/mno-hw-mul/libc.a(printf.o)
 .debug_pubnames
                0x00000324       0x25 /cygdrive/c/altera/12.0/nios2eds/bin/nios2-gnutools/H-i686-pc-cygwin/bin/../lib/gcc/nios2-elf/3.4.6/../../../../nios2-elf/lib/mno-hw-mul/libc.a(rand.o)
 .debug_pubnames
                0x00000349       0x45 /cygdrive/c/altera/12.0/nios2eds/bin/nios2-gnutools/H-i686-pc-cygwin/bin/../lib/gcc/nios2-elf/3.4.6/../../../../nios2-elf/lib/mno-hw-mul/libc.a(vfprintf1.o)
 .debug_pubnames
                0x0000038e       0x2d /cygdrive/c/altera/12.0/nios2eds/bin/nios2-gnutools/H-i686-pc-cygwin/bin/../lib/gcc/nios2-elf/3.4.6/../../../../nios2-elf/lib/mno-hw-mul/libc.a(wcrtomb.o)
 .debug_pubnames
                0x000003bb       0x31 /cygdrive/c/altera/12.0/nios2eds/bin/nios2-gnutools/H-i686-pc-cygwin/bin/../lib/gcc/nios2-elf/3.4.6/../../../../nios2-elf/lib/mno-hw-mul/libc.a(wcsrtombs.o)
 .debug_pubnames
                0x000003ec       0x20 /cygdrive/c/altera/12.0/nios2eds/bin/nios2-gnutools/H-i686-pc-cygwin/bin/../lib/gcc/nios2-elf/3.4.6/../../../../nios2-elf/lib/mno-hw-mul/libc.a(wctomb_r.o)
 .debug_pubnames
                0x0000040c       0x20 /cygdrive/c/altera/12.0/nios2eds/bin/nios2-gnutools/H-i686-pc-cygwin/bin/../lib/gcc/nios2-elf/3.4.6/../../../../nios2-elf/lib/mno-hw-mul/libc.a(wsetup.o)
 .debug_pubnames
                0x0000042c       0x1e /cygdrive/c/altera/12.0/nios2eds/bin/nios2-gnutools/H-i686-pc-cygwin/bin/../lib/gcc/nios2-elf/3.4.6/../../../../nios2-elf/lib/mno-hw-mul/libc.a(dtoa.o)
 .debug_pubnames
                0x0000044a       0x1d /cygdrive/c/altera/12.0/nios2eds/bin/nios2-gnutools/H-i686-pc-cygwin/bin/../lib/gcc/nios2-elf/3.4.6/../../../../nios2-elf/lib/mno-hw-mul/libc.a(fflush.o)
 .debug_pubnames
                0x00000467       0x3a /cygdrive/c/altera/12.0/nios2eds/bin/nios2-gnutools/H-i686-pc-cygwin/bin/../lib/gcc/nios2-elf/3.4.6/../../../../nios2-elf/lib/mno-hw-mul/libc.a(findfp.o)
 .debug_pubnames
                0x000004a1       0x31 /cygdrive/c/altera/12.0/nios2eds/bin/nios2-gnutools/H-i686-pc-cygwin/bin/../lib/gcc/nios2-elf/3.4.6/../../../../nios2-elf/lib/mno-hw-mul/libc.a(freer.o)
 .debug_pubnames
                0x000004d2       0x21 /cygdrive/c/altera/12.0/nios2eds/bin/nios2-gnutools/H-i686-pc-cygwin/bin/../lib/gcc/nios2-elf/3.4.6/../../../../nios2-elf/lib/mno-hw-mul/libc.a(fvwrite.o)
 .debug_pubnames
                0x000004f3       0x1d /cygdrive/c/altera/12.0/nios2eds/bin/nios2-gnutools/H-i686-pc-cygwin/bin/../lib/gcc/nios2-elf/3.4.6/../../../../nios2-elf/lib/mno-hw-mul/libc.a(fwalk.o)
 .debug_pubnames